Component: ARM Compiler 5.05 update 2 (build 169) Tool: armlink [4d0f33]

==============================================================================

Section Cross References

    main.o(i.ADC_Configuration) refers to stm32f0xx_adc.o(i.ADC_DeInit) for ADC_DeInit
    main.o(i.ADC_Configuration) refers to stm32f0xx_rcc.o(i.RCC_APB2PeriphClockCmd) for RCC_APB2PeriphClockCmd
    main.o(i.ADC_Configuration) refers to stm32f0xx_rcc.o(i.RCC_AHBPeriphClockCmd) for RCC_AHBPeriphClockCmd
    main.o(i.ADC_Configuration) refers to stm32f0xx_rcc.o(i.RCC_ADCCLKConfig) for RCC_ADCCLKConfig
    main.o(i.ADC_Configuration) refers to stm32f0xx_gpio.o(i.GPIO_StructInit) for GPIO_StructInit
    main.o(i.ADC_Configuration) refers to stm32f0xx_gpio.o(i.GPIO_Init) for GPIO_Init
    main.o(i.ADC_Configuration) refers to stm32f0xx_adc.o(i.ADC_StructInit) for ADC_StructInit
    main.o(i.ADC_Configuration) refers to stm32f0xx_adc.o(i.ADC_Init) for ADC_Init
    main.o(i.ADC_Configuration) refers to stm32f0xx_adc.o(i.ADC_ChannelConfig) for ADC_ChannelConfig
    main.o(i.ADC_Configuration) refers to stm32f0xx_adc.o(i.ADC_GetCalibrationFactor) for ADC_GetCalibrationFactor
    main.o(i.ADC_Configuration) refers to stm32f0xx_adc.o(i.ADC_DMACmd) for ADC_DMACmd
    main.o(i.ADC_Configuration) refers to stm32f0xx_adc.o(i.ADC_Cmd) for ADC_Cmd
    main.o(i.ADC_Configuration) refers to stm32f0xx_adc.o(i.ADC_GetFlagStatus) for ADC_GetFlagStatus
    main.o(i.ADC_Configuration) refers to stm32f0xx_adc.o(i.ADC_StartOfConversion) for ADC_StartOfConversion
    main.o(i.ADC_Configuration) refers to stm32f0xx_dma.o(i.DMA_DeInit) for DMA_DeInit
    main.o(i.ADC_Configuration) refers to stm32f0xx_dma.o(i.DMA_Init) for DMA_Init
    main.o(i.ADC_Configuration) refers to stm32f0xx_dma.o(i.DMA_ITConfig) for DMA_ITConfig
    main.o(i.ADC_Configuration) refers to stm32f0xx_dma.o(i.DMA_Cmd) for DMA_Cmd
    main.o(i.ADC_Configuration) refers to stm32f0xx_adc.o(i.ADC_DMARequestModeConfig) for ADC_DMARequestModeConfig
    main.o(i.ADC_Configuration) refers to stm32f0xx_misc.o(i.NVIC_Init) for NVIC_Init
    main.o(i.ADC_Configuration) refers to main.o(.bss) for escADCConvert
    main.o(i.ADC_Configuration) refers to main.o(.data) for adc_updated
    main.o(i.Cali_Adc_Value) refers to ffltui.o(.text) for __aeabi_ui2f
    main.o(i.Cali_Adc_Value) refers to fmul.o(.text) for __aeabi_fmul
    main.o(i.Cali_Adc_Value) refers to ffixi.o(.text) for __aeabi_f2iz
    main.o(i.Cali_Adc_Value) refers to printfa.o(i.__0printf) for __2printf
    main.o(i.Cali_Adc_Value) refers to main.o(.bss) for escADCConvert
    main.o(i.Cali_Adc_Value) refers to main.o(.data) for debug_en
    main.o(i.DMA1_Channel1_IRQHandler) refers to stm32f0xx_dma.o(i.DMA_GetITStatus) for DMA_GetITStatus
    main.o(i.DMA1_Channel1_IRQHandler) refers to stm32f0xx_dma.o(i.DMA_ClearITPendingBit) for DMA_ClearITPendingBit
    main.o(i.DMA1_Channel1_IRQHandler) refers to main.o(.data) for adc_updated
    main.o(i.Motor1_Back) refers to stm32f0xx_tim.o(i.TIM_SetCompare2) for TIM_SetCompare2
    main.o(i.Motor1_Back) refers to stm32f0xx_tim.o(i.TIM_SetCompare1) for TIM_SetCompare1
    main.o(i.Motor1_Forward) refers to stm32f0xx_tim.o(i.TIM_SetCompare1) for TIM_SetCompare1
    main.o(i.Motor1_Forward) refers to stm32f0xx_tim.o(i.TIM_SetCompare2) for TIM_SetCompare2
    main.o(i.Motor1_Stop) refers to stm32f0xx_tim.o(i.TIM_SetCompare1) for TIM_SetCompare1
    main.o(i.Motor1_Stop) refers to stm32f0xx_tim.o(i.TIM_SetCompare2) for TIM_SetCompare2
    main.o(i.Motor2_Back) refers to stm32f0xx_tim.o(i.TIM_SetCompare4) for TIM_SetCompare4
    main.o(i.Motor2_Back) refers to stm32f0xx_tim.o(i.TIM_SetCompare3) for TIM_SetCompare3
    main.o(i.Motor2_Forward) refers to stm32f0xx_tim.o(i.TIM_SetCompare3) for TIM_SetCompare3
    main.o(i.Motor2_Forward) refers to stm32f0xx_tim.o(i.TIM_SetCompare4) for TIM_SetCompare4
    main.o(i.Motor2_Stop) refers to stm32f0xx_tim.o(i.TIM_SetCompare3) for TIM_SetCompare3
    main.o(i.Motor2_Stop) refers to stm32f0xx_tim.o(i.TIM_SetCompare4) for TIM_SetCompare4
    main.o(i.PWM_Config) refers to stm32f0xx_rcc.o(i.RCC_AHBPeriphClockCmd) for RCC_AHBPeriphClockCmd
    main.o(i.PWM_Config) refers to stm32f0xx_gpio.o(i.GPIO_Init) for GPIO_Init
    main.o(i.PWM_Config) refers to stm32f0xx_gpio.o(i.GPIO_PinAFConfig) for GPIO_PinAFConfig
    main.o(i.PWM_Config) refers to stm32f0xx_rcc.o(i.RCC_APB1PeriphClockCmd) for RCC_APB1PeriphClockCmd
    main.o(i.PWM_Config) refers to stm32f0xx_tim.o(i.TIM_TimeBaseInit) for TIM_TimeBaseInit
    main.o(i.PWM_Config) refers to stm32f0xx_tim.o(i.TIM_OC1Init) for TIM_OC1Init
    main.o(i.PWM_Config) refers to stm32f0xx_tim.o(i.TIM_OC2Init) for TIM_OC2Init
    main.o(i.PWM_Config) refers to stm32f0xx_tim.o(i.TIM_OC3Init) for TIM_OC3Init
    main.o(i.PWM_Config) refers to stm32f0xx_tim.o(i.TIM_OC4Init) for TIM_OC4Init
    main.o(i.PWM_Config) refers to stm32f0xx_tim.o(i.TIM_Cmd) for TIM_Cmd
[...]
    Removing stm32f0xx_rcc.o(i.RCC_HSEConfig), (16 bytes).
    Removing stm32f0xx_rcc.o(i.RCC_HSI14ADCRequestCmd), (36 bytes).
    Removing stm32f0xx_rcc.o(i.RCC_HSI14Cmd), (36 bytes).
    Removing stm32f0xx_rcc.o(i.RCC_HSI48Cmd), (40 bytes).
    Removing stm32f0xx_rcc.o(i.RCC_HSICmd), (36 bytes).
    Removing stm32f0xx_rcc.o(i.RCC_I2CCLKConfig), (28 bytes).
    Removing stm32f0xx_rcc.o(i.RCC_ITConfig), (32 bytes).
    Removing stm32f0xx_rcc.o(i.RCC_LSEConfig), (40 bytes).
    Removing stm32f0xx_rcc.o(i.RCC_LSEDriveConfig), (28 bytes).
    Removing stm32f0xx_rcc.o(i.RCC_LSICmd), (36 bytes).
    Removing stm32f0xx_rcc.o(i.RCC_MCOConfig), (28 bytes).
    Removing stm32f0xx_rcc.o(i.RCC_PCLKConfig), (36 bytes).
    Removing stm32f0xx_rcc.o(i.RCC_PLLCmd), (40 bytes).
    Removing stm32f0xx_rcc.o(i.RCC_PLLConfig), (36 bytes).
    Removing stm32f0xx_rcc.o(i.RCC_PREDIV1Config), (28 bytes).
    Removing stm32f0xx_rcc.o(i.RCC_RTCCLKCmd), (40 bytes).
    Removing stm32f0xx_rcc.o(i.RCC_RTCCLKConfig), (16 bytes).
    Removing stm32f0xx_rcc.o(i.RCC_SYSCLKConfig), (28 bytes).
    Removing stm32f0xx_rcc.o(i.RCC_USARTCLKConfig), (72 bytes).
    Removing stm32f0xx_rcc.o(i.RCC_USBCLKConfig), (28 bytes).
    Removing stm32f0xx_rcc.o(i.RCC_WaitForHSEStartUp), (60 bytes).
    Removing stm32f0xx_rtc.o(.rev16_text), (4 bytes).
    Removing stm32f0xx_rtc.o(.revsh_text), (4 bytes).
    Removing stm32f0xx_rtc.o(i.RTC_AlarmCmd), (112 bytes).
    Removing stm32f0xx_rtc.o(i.RTC_AlarmStructInit), (22 bytes).
    Removing stm32f0xx_rtc.o(i.RTC_AlarmSubSecondConfig), (40 bytes).
    Removing stm32f0xx_rtc.o(i.RTC_Bcd2ToByte), (26 bytes).
    Removing stm32f0xx_rtc.o(i.RTC_BypassShadowCmd), (52 bytes).
    Removing stm32f0xx_rtc.o(i.RTC_ByteToBcd2), (28 bytes).
    Removing stm32f0xx_rtc.o(i.RTC_CalibOutputCmd), (56 bytes).
    Removing stm32f0xx_rtc.o(i.RTC_CalibOutputConfig), (44 bytes).
    Removing stm32f0xx_rtc.o(i.RTC_ClearFlag), (32 bytes).
    Removing stm32f0xx_rtc.o(i.RTC_ClearITPendingBit), (36 bytes).
    Removing stm32f0xx_rtc.o(i.RTC_DateStructInit), (14 bytes).
    Removing stm32f0xx_rtc.o(i.RTC_DayLightSavingConfig), (48 bytes).
    Removing stm32f0xx_rtc.o(i.RTC_DeInit), (116 bytes).
    Removing stm32f0xx_rtc.o(i.RTC_EnterInitMode), (88 bytes).
    Removing stm32f0xx_rtc.o(i.RTC_ExitInitMode), (20 bytes).
    Removing stm32f0xx_rtc.o(i.RTC_GetAlarm), (120 bytes).
    Removing stm32f0xx_rtc.o(i.RTC_GetAlarmSubSecond), (20 bytes).
    Removing stm32f0xx_rtc.o(i.RTC_GetDate), (96 bytes).
    Removing stm32f0xx_rtc.o(i.RTC_GetFlagStatus), (44 bytes).
    Removing stm32f0xx_rtc.o(i.RTC_GetITStatus), (76 bytes).
    Removing stm32f0xx_rtc.o(i.RTC_GetStoreOperation), (16 bytes).
    Removing stm32f0xx_rtc.o(i.RTC_GetSubSecond), (16 bytes).
    Removing stm32f0xx_rtc.o(i.RTC_GetTime), (92 bytes).
    Removing stm32f0xx_rtc.o(i.RTC_GetTimeStamp), (164 bytes).
    Removing stm32f0xx_rtc.o(i.RTC_GetTimeStampSubSecond), (12 bytes).
    Removing stm32f0xx_rtc.o(i.RTC_GetWakeUpCounter), (12 bytes).
    Removing stm32f0xx_rtc.o(i.RTC_ITConfig), (100 bytes).
    Removing stm32f0xx_rtc.o(i.RTC_Init), (88 bytes).
    Removing stm32f0xx_rtc.o(i.RTC_OutputConfig), (48 bytes).
    Removing stm32f0xx_rtc.o(i.RTC_OutputTypeConfig), (28 bytes).
    Removing stm32f0xx_rtc.o(i.RTC_ReadBackupRegister), (32 bytes).
    Removing stm32f0xx_rtc.o(i.RTC_RefClockCmd), (76 bytes).
    Removing stm32f0xx_rtc.o(i.RTC_SetAlarm), (216 bytes).
    Removing stm32f0xx_rtc.o(i.RTC_SetDate), (208 bytes).
    Removing stm32f0xx_rtc.o(i.RTC_SetTime), (216 bytes).
    Removing stm32f0xx_rtc.o(i.RTC_SetWakeUpCounter), (24 bytes).
    Removing stm32f0xx_rtc.o(i.RTC_SmoothCalibConfig), (96 bytes).
    Removing stm32f0xx_rtc.o(i.RTC_StructInit), (14 bytes).
    Removing stm32f0xx_rtc.o(i.RTC_SynchroShiftConfig), (124 bytes).
    Removing stm32f0xx_rtc.o(i.RTC_TamperCmd), (32 bytes).
    Removing stm32f0xx_rtc.o(i.RTC_TamperFilterConfig), (28 bytes).
    Removing stm32f0xx_rtc.o(i.RTC_TamperPinsPrechargeDuration), (28 bytes).
    Removing stm32f0xx_rtc.o(i.RTC_TamperPullUpCmd), (40 bytes).
    Removing stm32f0xx_rtc.o(i.RTC_TamperSamplingFreqConfig), (28 bytes).
    Removing stm32f0xx_rtc.o(i.RTC_TamperTriggerConfig), (36 bytes).
    Removing stm32f0xx_rtc.o(i.RTC_TimeStampCmd), (64 bytes).
    Removing stm32f0xx_rtc.o(i.RTC_TimeStampOnTamperDetectionCmd), (36 bytes).
    Removing stm32f0xx_rtc.o(i.RTC_TimeStructInit), (12 bytes).
    Removing stm32f0xx_rtc.o(i.RTC_WaitForSynchro), (108 bytes).
    Removing stm32f0xx_rtc.o(i.RTC_WakeUpClockConfig), (40 bytes).
    Removing stm32f0xx_rtc.o(i.RTC_WakeUpCmd), (116 bytes).
    Removing stm32f0xx_rtc.o(i.RTC_WriteBackupRegister), (28 bytes).
    Removing stm32f0xx_rtc.o(i.RTC_WriteProtectionCmd), (28 bytes).
    Removing stm32f0xx_spi.o(.rev16_text), (4 bytes).
    Removing stm32f0xx_spi.o(.revsh_text), (4 bytes).
    Removing stm32f0xx_spi.o(i.I2S_Cmd), (32 bytes).
    Removing stm32f0xx_spi.o(i.I2S_Init), (232 bytes).
    Removing stm32f0xx_spi.o(i.I2S_StructInit), (20 bytes).
    Removing stm32f0xx_spi.o(i.SPI_BiDirectionalLineConfig), (32 bytes).
    Removing stm32f0xx_spi.o(i.SPI_CRCLengthConfig), (20 bytes).
    Removing stm32f0xx_spi.o(i.SPI_CalculateCRC), (32 bytes).
    Removing stm32f0xx_spi.o(i.SPI_Cmd), (28 bytes).
    Removing stm32f0xx_spi.o(i.SPI_DataSizeConfig), (24 bytes).
    Removing stm32f0xx_spi.o(i.SPI_GetCRC), (16 bytes).
    Removing stm32f0xx_spi.o(i.SPI_GetCRCPolynomial), (6 bytes).
    Removing stm32f0xx_spi.o(i.SPI_GetReceptionFIFOStatus), (12 bytes).
    Removing stm32f0xx_spi.o(i.SPI_GetTransmissionFIFOStatus), (12 bytes).
    Removing stm32f0xx_spi.o(i.SPI_I2S_ClearFlag), (6 bytes).
    Removing stm32f0xx_spi.o(i.SPI_I2S_DMACmd), (20 bytes).
    Removing stm32f0xx_spi.o(i.SPI_I2S_DeInit), (60 bytes).
    Removing stm32f0xx_spi.o(i.SPI_I2S_GetFlagStatus), (20 bytes).
    Removing stm32f0xx_spi.o(i.SPI_I2S_GetITStatus), (56 bytes).
    Removing stm32f0xx_spi.o(i.SPI_I2S_ITConfig), (34 bytes).
    Removing stm32f0xx_spi.o(i.SPI_I2S_ReceiveData16), (6 bytes).
    Removing stm32f0xx_spi.o(i.SPI_I2S_SendData16), (4 bytes).
    Removing stm32f0xx_spi.o(i.SPI_Init), (88 bytes).
    Removing stm32f0xx_spi.o(i.SPI_LastDMATransferCmd), (20 bytes).
    Removing stm32f0xx_spi.o(i.SPI_NSSInternalSoftwareConfig), (32 bytes).
    Removing stm32f0xx_spi.o(i.SPI_NSSPulseModeCmd), (28 bytes).
    Removing stm32f0xx_spi.o(i.SPI_ReceiveData8), (12 bytes).
    Removing stm32f0xx_spi.o(i.SPI_RxFIFOThresholdConfig), (20 bytes).
    Removing stm32f0xx_spi.o(i.SPI_SSOutputCmd), (28 bytes).
    Removing stm32f0xx_spi.o(i.SPI_SendData8), (10 bytes).
    Removing stm32f0xx_spi.o(i.SPI_StructInit), (30 bytes).
    Removing stm32f0xx_spi.o(i.SPI_TIModeCmd), (28 bytes).
    Removing stm32f0xx_spi.o(i.SPI_TransmitCRC), (12 bytes).
    Removing stm32f0xx_syscfg.o(.rev16_text), (4 bytes).
    Removing stm32f0xx_syscfg.o(.revsh_text), (4 bytes).
    Removing stm32f0xx_syscfg.o(i.SYSCFG_BreakConfig), (16 bytes).
    Removing stm32f0xx_syscfg.o(i.SYSCFG_ClearFlag), (16 bytes).
    Removing stm32f0xx_syscfg.o(i.SYSCFG_DMAChannelRemapConfig), (32 bytes).
    Removing stm32f0xx_syscfg.o(i.SYSCFG_DeInit), (44 bytes).
    Removing stm32f0xx_syscfg.o(i.SYSCFG_EXTILineConfig), (64 bytes).
    Removing stm32f0xx_syscfg.o(i.SYSCFG_GetFlagStatus), (32 bytes).
    Removing stm32f0xx_syscfg.o(i.SYSCFG_GetPendingIT), (24 bytes).
    Removing stm32f0xx_syscfg.o(i.SYSCFG_I2CFastModePlusConfig), (32 bytes).
    Removing stm32f0xx_syscfg.o(i.SYSCFG_IRDAEnvSelection), (28 bytes).
    Removing stm32f0xx_syscfg.o(i.SYSCFG_MemoryRemapConfig), (28 bytes).
    Removing stm32f0xx_tim.o(.rev16_text), (4 bytes).
    Removing stm32f0xx_tim.o(.revsh_text), (4 bytes).
    Removing stm32f0xx_tim.o(i.TI1_Config), (56 bytes).
    Removing stm32f0xx_tim.o(i.TI2_Config), (76 bytes).
    Removing stm32f0xx_tim.o(i.TI3_Config), (72 bytes).
    Removing stm32f0xx_tim.o(i.TI4_Config), (80 bytes).
    Removing stm32f0xx_tim.o(i.TIM_ARRPreloadConfig), (28 bytes).
    Removing stm32f0xx_tim.o(i.TIM_BDTRConfig), (32 bytes).
    Removing stm32f0xx_tim.o(i.TIM_BDTRStructInit), (18 bytes).
    Removing stm32f0xx_tim.o(i.TIM_CCPreloadControl), (28 bytes).
    Removing stm32f0xx_tim.o(i.TIM_CCxCmd), (30 bytes).
    Removing stm32f0xx_tim.o(i.TIM_CCxNCmd), (30 bytes).
    Removing stm32f0xx_tim.o(i.TIM_ClearFlag), (6 bytes).
    Removing stm32f0xx_tim.o(i.TIM_ClearITPendingBit), (6 bytes).
    Removing stm32f0xx_tim.o(i.TIM_ClearOC1Ref), (24 bytes).
    Removing stm32f0xx_tim.o(i.TIM_ClearOC2Ref), (20 bytes).
    Removing stm32f0xx_tim.o(i.TIM_ClearOC3Ref), (24 bytes).
    Removing stm32f0xx_tim.o(i.TIM_ClearOC4Ref), (20 bytes).
    Removing stm32f0xx_tim.o(i.TIM_CounterModeConfig), (24 bytes).
    Removing stm32f0xx_tim.o(i.TIM_DMACmd), (20 bytes).
    Removing stm32f0xx_tim.o(i.TIM_DMAConfig), (12 bytes).
    Removing stm32f0xx_tim.o(i.TIM_DeInit), (260 bytes).
    Removing stm32f0xx_tim.o(i.TIM_ETRClockMode1Config), (52 bytes).
    Removing stm32f0xx_tim.o(i.TIM_ETRClockMode2Config), (34 bytes).
    Removing stm32f0xx_tim.o(i.TIM_ETRConfig), (24 bytes).
    Removing stm32f0xx_tim.o(i.TIM_EncoderInterfaceConfig), (68 bytes).
    Removing stm32f0xx_tim.o(i.TIM_ForcedOC1Config), (24 bytes).
    Removing stm32f0xx_tim.o(i.TIM_ForcedOC2Config), (24 bytes).
    Removing stm32f0xx_tim.o(i.TIM_ForcedOC3Config), (24 bytes).
    Removing stm32f0xx_tim.o(i.TIM_ForcedOC4Config), (24 bytes).
    Removing stm32f0xx_tim.o(i.TIM_GenerateEvent), (4 bytes).
    Removing stm32f0xx_tim.o(i.TIM_GetCapture1), (6 bytes).
    Removing stm32f0xx_tim.o(i.TIM_GetCapture2), (6 bytes).
    Removing stm32f0xx_tim.o(i.TIM_GetCapture3), (6 bytes).
    Removing stm32f0xx_tim.o(i.TIM_GetCapture4), (6 bytes).
    Removing stm32f0xx_tim.o(i.TIM_GetCounter), (6 bytes).
    Removing stm32f0xx_tim.o(i.TIM_GetFlagStatus), (20 bytes).
    Removing stm32f0xx_tim.o(i.TIM_GetITStatus), (38 bytes).
    Removing stm32f0xx_tim.o(i.TIM_GetPrescaler), (6 bytes).
    Removing stm32f0xx_tim.o(i.TIM_ICInit), (112 bytes).
    Removing stm32f0xx_tim.o(i.TIM_ICStructInit), (18 bytes).
    Removing stm32f0xx_tim.o(i.TIM_ITConfig), (20 bytes).
    Removing stm32f0xx_tim.o(i.TIM_ITRxExternalClockConfig), (24 bytes).
    Removing stm32f0xx_tim.o(i.TIM_InternalClockConfig), (16 bytes).
    Removing stm32f0xx_tim.o(i.TIM_OC1FastConfig), (24 bytes).
    Removing stm32f0xx_tim.o(i.TIM_OC1NPolarityConfig), (24 bytes).
    Removing stm32f0xx_tim.o(i.TIM_OC1PolarityConfig), (24 bytes).
    Removing stm32f0xx_tim.o(i.TIM_OC1PreloadConfig), (24 bytes).
    Removing stm32f0xx_tim.o(i.TIM_OC2FastConfig), (24 bytes).
    Removing stm32f0xx_tim.o(i.TIM_OC2NPolarityConfig), (24 bytes).
    Removing stm32f0xx_tim.o(i.TIM_OC2PolarityConfig), (24 bytes).
    Removing stm32f0xx_tim.o(i.TIM_OC2PreloadConfig), (24 bytes).
    Removing stm32f0xx_tim.o(i.TIM_OC3FastConfig), (24 bytes).
    Removing stm32f0xx_tim.o(i.TIM_OC3NPolarityConfig), (24 bytes).
    Removing stm32f0xx_tim.o(i.TIM_OC3PolarityConfig), (24 bytes).
    Removing stm32f0xx_tim.o(i.TIM_OC3PreloadConfig), (24 bytes).
    Removing stm32f0xx_tim.o(i.TIM_OC4FastConfig), (24 bytes).
    Removing stm32f0xx_tim.o(i.TIM_OC4PolarityConfig), (24 bytes).
    Removing stm32f0xx_tim.o(i.TIM_OC4PreloadConfig), (24 bytes).
    Removing stm32f0xx_tim.o(i.TIM_OCStructInit), (20 bytes).
    Removing stm32f0xx_tim.o(i.TIM_PWMIConfig), (124 bytes).
    Removing stm32f0xx_tim.o(i.TIM_PrescalerConfig), (6 bytes).
    Removing stm32f0xx_tim.o(i.TIM_RemapConfig), (6 bytes).
    Removing stm32f0xx_tim.o(i.TIM_SelectCCDMA), (28 bytes).
    Removing stm32f0xx_tim.o(i.TIM_SelectCOM), (28 bytes).
    Removing stm32f0xx_tim.o(i.TIM_SelectHallSensor), (28 bytes).
    Removing stm32f0xx_tim.o(i.TIM_SelectInputTrigger), (24 bytes).
    Removing stm32f0xx_tim.o(i.TIM_SelectMasterSlaveMode), (20 bytes).
    Removing stm32f0xx_tim.o(i.TIM_SelectOCREFClear), (20 bytes).
    Removing stm32f0xx_tim.o(i.TIM_SelectOCxM), (82 bytes).
    Removing stm32f0xx_tim.o(i.TIM_SelectOnePulseMode), (20 bytes).
    Removing stm32f0xx_tim.o(i.TIM_SelectOutputTrigger), (20 bytes).
    Removing stm32f0xx_tim.o(i.TIM_SelectSlaveMode), (20 bytes).
    Removing stm32f0xx_tim.o(i.TIM_SetAutoreload), (4 bytes).
    Removing stm32f0xx_tim.o(i.TIM_SetClockDivision), (20 bytes).
    Removing stm32f0xx_tim.o(i.TIM_SetCounter), (4 bytes).
    Removing stm32f0xx_tim.o(i.TIM_SetIC1Prescaler), (20 bytes).
    Removing stm32f0xx_tim.o(i.TIM_SetIC2Prescaler), (24 bytes).
    Removing stm32f0xx_tim.o(i.TIM_SetIC3Prescaler), (20 bytes).
    Removing stm32f0xx_tim.o(i.TIM_SetIC4Prescaler), (24 bytes).
    Removing stm32f0xx_tim.o(i.TIM_TIxExternalClockConfig), (58 bytes).
    Removing stm32f0xx_tim.o(i.TIM_TimeBaseStructInit), (18 bytes).
    Removing stm32f0xx_tim.o(i.TIM_UpdateDisableConfig), (28 bytes).
    Removing stm32f0xx_tim.o(i.TIM_UpdateRequestConfig), (28 bytes).
    Removing stm32f0xx_usart.o(.rev16_text), (4 bytes).
    Removing stm32f0xx_usart.o(.revsh_text), (4 bytes).
    Removing stm32f0xx_usart.o(i.USART_AddressDetectionConfig), (16 bytes).
    Removing stm32f0xx_usart.o(i.USART_AutoBaudRateCmd), (28 bytes).
    Removing stm32f0xx_usart.o(i.USART_AutoBaudRateConfig), (18 bytes).
    Removing stm32f0xx_usart.o(i.USART_ClearFlag), (4 bytes).
    Removing stm32f0xx_usart.o(i.USART_ClearITPendingBit), (18 bytes).
    Removing stm32f0xx_usart.o(i.USART_ClockInit), (36 bytes).
    Removing stm32f0xx_usart.o(i.USART_ClockStructInit), (12 bytes).
    Removing stm32f0xx_usart.o(i.USART_DECmd), (28 bytes).
    Removing stm32f0xx_usart.o(i.USART_DEPolarityConfig), (18 bytes).
    Removing stm32f0xx_usart.o(i.USART_DMACmd), (20 bytes).
    Removing stm32f0xx_usart.o(i.USART_DMAReceptionErrorConfig), (18 bytes).
    Removing stm32f0xx_usart.o(i.USART_DataInvCmd), (28 bytes).
    Removing stm32f0xx_usart.o(i.USART_DeInit), (240 bytes).
    Removing stm32f0xx_usart.o(i.USART_DirectionModeCmd), (20 bytes).
    Removing stm32f0xx_usart.o(i.USART_HalfDuplexCmd), (24 bytes).
    Removing stm32f0xx_usart.o(i.USART_InvPinCmd), (20 bytes).
    Removing stm32f0xx_usart.o(i.USART_IrDACmd), (24 bytes).
    Removing stm32f0xx_usart.o(i.USART_IrDAConfig), (16 bytes).
    Removing stm32f0xx_usart.o(i.USART_LINBreakDetectLengthConfig), (16 bytes).
    Removing stm32f0xx_usart.o(i.USART_LINCmd), (28 bytes).
    Removing stm32f0xx_usart.o(i.USART_MSBFirstCmd), (28 bytes).
    Removing stm32f0xx_usart.o(i.USART_MuteModeCmd), (28 bytes).
    Removing stm32f0xx_usart.o(i.USART_MuteModeWakeUpConfig), (18 bytes).
    Removing stm32f0xx_usart.o(i.USART_OneBitMethodCmd), (28 bytes).
    Removing stm32f0xx_usart.o(i.USART_OverSampling8Cmd), (28 bytes).
    Removing stm32f0xx_usart.o(i.USART_OverrunDetectionConfig), (18 bytes).
    Removing stm32f0xx_usart.o(i.USART_ReceiverTimeOutCmd), (28 bytes).
    Removing stm32f0xx_usart.o(i.USART_RequestCmd), (20 bytes).
    Removing stm32f0xx_usart.o(i.USART_STOPModeCmd), (24 bytes).
    Removing stm32f0xx_usart.o(i.USART_SWAPPinCmd), (28 bytes).
    Removing stm32f0xx_usart.o(i.USART_SetAddress), (18 bytes).
    Removing stm32f0xx_usart.o(i.USART_SetAutoRetryCount), (20 bytes).
    Removing stm32f0xx_usart.o(i.USART_SetBlockLength), (18 bytes).
    Removing stm32f0xx_usart.o(i.USART_SetDEAssertionTime), (20 bytes).
    Removing stm32f0xx_usart.o(i.USART_SetDEDeassertionTime), (20 bytes).
    Removing stm32f0xx_usart.o(i.USART_SetGuardTime), (16 bytes).
    Removing stm32f0xx_usart.o(i.USART_SetPrescaler), (18 bytes).
    Removing stm32f0xx_usart.o(i.USART_SetReceiverTimeOut), (16 bytes).
    Removing stm32f0xx_usart.o(i.USART_SmartCardCmd), (24 bytes).
    Removing stm32f0xx_usart.o(i.USART_SmartCardNACKCmd), (24 bytes).
    Removing stm32f0xx_usart.o(i.USART_StopModeWakeUpSourceConfig), (18 bytes).
    Removing stm32f0xx_wwdg.o(.rev16_text), (4 bytes).
    Removing stm32f0xx_wwdg.o(.revsh_text), (4 bytes).
    Removing stm32f0xx_wwdg.o(i.WWDG_ClearFlag), (12 bytes).
    Removing stm32f0xx_wwdg.o(i.WWDG_DeInit), (22 bytes).
    Removing stm32f0xx_wwdg.o(i.WWDG_Enable), (16 bytes).
    Removing stm32f0xx_wwdg.o(i.WWDG_EnableIT), (20 bytes).
    Removing stm32f0xx_wwdg.o(i.WWDG_GetFlagStatus), (24 bytes).
    Removing stm32f0xx_wwdg.o(i.WWDG_SetCounter), (16 bytes).
    Removing stm32f0xx_wwdg.o(i.WWDG_SetPrescaler), (32 bytes).
    Removing stm32f0xx_wwdg.o(i.WWDG_SetWindowValue), (40 bytes).
    Removing startup_stm32f030.o(HEAP), (512 bytes).

568 unused section(s) (total 20848 bytes) removed from the image.

==============================================================================

Image Symbol Table

    Local Symbols

    Symbol Name                              Value     Ov Type        Size  Object(Section)

    ../clib/microlib/division.c              0x00000000   Number         0  uldiv.o ABSOLUTE
    ../clib/microlib/division.c              0x00000000   Number         0  uidiv.o ABSOLUTE
    ../clib/microlib/division.c              0x00000000   Number         0  idiv.o ABSOLUTE
    ../clib/microlib/init/entry.s            0x00000000   Number         0  entry.o ABSOLUTE
    ../clib/microlib/init/entry.s            0x00000000   Number         0  entry10a.o ABSOLUTE
    ../clib/microlib/init/entry.s            0x00000000   Number         0  entry11a.o ABSOLUTE
    ../clib/microlib/init/entry.s            0x00000000   Number         0  entry9a.o ABSOLUTE
    ../clib/microlib/init/entry.s            0x00000000   Number         0  entry9b.o ABSOLUTE
    ../clib/microlib/init/entry.s            0x00000000   Number         0  entry5.o ABSOLUTE
    ../clib/microlib/init/entry.s            0x00000000   Number         0  entry2.o ABSOLUTE
    ../clib/microlib/init/entry.s            0x00000000   Number         0  entry8b.o ABSOLUTE
    ../clib/microlib/init/entry.s            0x00000000   Number         0  entry8a.o ABSOLUTE
    ../clib/microlib/init/entry.s            0x00000000   Number         0  entry7b.o ABSOLUTE
    ../clib/microlib/init/entry.s            0x00000000   Number         0  entry11b.o ABSOLUTE
    ../clib/microlib/init/entry.s            0x00000000   Number         0  entry7a.o ABSOLUTE
    ../clib/microlib/init/entry.s            0x00000000   Number         0  entry10b.o ABSOLUTE
    ../clib/microlib/longlong.c              0x00000000   Number         0  llsshr.o ABSOLUTE
    ../clib/microlib/longlong.c              0x00000000   Number         0  llushr.o ABSOLUTE
    ../clib/microlib/longlong.c              0x00000000   Number         0  llshl.o ABSOLUTE
    ../clib/microlib/printf/printf.c         0x00000000   Number         0  printf2.o ABSOLUTE
    ../clib/microlib/printf/printf.c         0x00000000   Number         0  printf3.o ABSOLUTE
    ../clib/microlib/printf/printf.c         0x00000000   Number         0  printf4.o ABSOLUTE
    ../clib/microlib/printf/printf.c         0x00000000   Number         0  printf5.o ABSOLUTE
    ../clib/microlib/printf/printf.c         0x00000000   Number         0  printfb.o ABSOLUTE
    ../clib/microlib/printf/printf.c         0x00000000   Number         0  printf7.o ABSOLUTE
    ../clib/microlib/printf/printf.c         0x00000000   Number         0  printf8.o ABSOLUTE
    ../clib/microlib/printf/printf.c         0x00000000   Number         0  printf6.o ABSOLUTE
    ../clib/microlib/printf/printf.c         0x00000000   Number         0  printfa.o ABSOLUTE
    ../clib/microlib/printf/printf.c         0x00000000   Number         0  printf1.o ABSOLUTE
    ../clib/microlib/printf/printf.c         0x00000000   Number         0  printf0.o ABSOLUTE
    ../clib/microlib/printf/stubs.s          0x00000000   Number         0  stubs.o ABSOLUTE
    ../clib/microlib/stdio/streams.c         0x00000000   Number         0  stdout.o ABSOLUTE
    ../clib/microlib/stubs.s                 0x00000000   Number         0  iusefp.o ABSOLUTE
    ../fplib/microlib/f2d.c                  0x00000000   Number         0  f2d.o ABSOLUTE
    ../fplib/microlib/fpadd.c                0x00000000   Number         0  dadd.o ABSOLUTE
    ../fplib/microlib/fpdiv.c                0x00000000   Number         0  fdiv.o ABSOLUTE
    ../fplib/microlib/fpdiv.c                0x00000000   Number         0  ddiv.o ABSOLUTE
    ../fplib/microlib/fpepilogue.c           0x00000000   Number         0  depilogue.o ABSOLUTE
    ../fplib/microlib/fpepilogue.c           0x00000000   Number         0  fepilogue.o ABSOLUTE
    ../fplib/microlib/fpfix.c                0x00000000   Number         0  ffixi.o ABSOLUTE
    ../fplib/microlib/fpfix.c                0x00000000   Number         0  ffixui.o ABSOLUTE
    ../fplib/microlib/fpfix.c                0x00000000   Number         0  dfixul.o ABSOLUTE
    ../fplib/microlib/fpflt.c                0x00000000   Number         0  fflti.o ABSOLUTE
    ../fplib/microlib/fpflt.c                0x00000000   Number         0  ffltui.o ABSOLUTE
    ../fplib/microlib/fpmul.c                0x00000000   Number         0  fmul.o ABSOLUTE
    ../fplib/microlib/fpmul.c                0x00000000   Number         0  dmul.o ABSOLUTE
    CMSIS\Device\ST\STM32F0xx\Source\Templates\system_stm32f0xx.c 0x00000000   Number         0  system_stm32f0xx.o ABSOLUTE
    CMSIS\\Device\\ST\\STM32F0xx\\Source\\Templates\\system_stm32f0xx.c 0x00000000   Number         0  system_stm32f0xx.o ABSOLUTE
    RTE\Device\STM32F030F4\startup_stm32f030.s 0x00000000   Number         0  startup_stm32f030.o ABSOLUTE
    STM32F0xx_StdPeriph_Driver\\src\\stm32f0xx_adc.c 0x00000000   Number         0  stm32f0xx_adc.o ABSOLUTE
    STM32F0xx_StdPeriph_Driver\\src\\stm32f0xx_can.c 0x00000000   Number         0  stm32f0xx_can.o ABSOLUTE
    STM32F0xx_StdPeriph_Driver\\src\\stm32f0xx_cec.c 0x00000000   Number         0  stm32f0xx_cec.o ABSOLUTE
    STM32F0xx_StdPeriph_Driver\\src\\stm32f0xx_comp.c 0x00000000   Number         0  stm32f0xx_comp.o ABSOLUTE
    STM32F0xx_StdPeriph_Driver\\src\\stm32f0xx_crc.c 0x00000000   Number         0  stm32f0xx_crc.o ABSOLUTE
    STM32F0xx_StdPeriph_Driver\\src\\stm32f0xx_crs.c 0x00000000   Number         0  stm32f0xx_crs.o ABSOLUTE
    STM32F0xx_StdPeriph_Driver\\src\\stm32f0xx_dac.c 0x00000000   Number         0  stm32f0xx_dac.o ABSOLUTE
    STM32F0xx_StdPeriph_Driver\\src\\stm32f0xx_dbgmcu.c 0x00000000   Number         0  stm32f0xx_dbgmcu.o ABSOLUTE
    STM32F0xx_StdPeriph_Driver\\src\\stm32f0xx_dma.c 0x00000000   Number         0  stm32f0xx_dma.o ABSOLUTE
    STM32F0xx_StdPeriph_Driver\\src\\stm32f0xx_exti.c 0x00000000   Number         0  stm32f0xx_exti.o ABSOLUTE
    STM32F0xx_StdPeriph_Driver\\src\\stm32f0xx_flash.c 0x00000000   Number         0  stm32f0xx_flash.o ABSOLUTE
    STM32F0xx_StdPeriph_Driver\\src\\stm32f0xx_gpio.c 0x00000000   Number         0  stm32f0xx_gpio.o ABSOLUTE
    STM32F0xx_StdPeriph_Driver\\src\\stm32f0xx_i2c.c 0x00000000   Number         0  stm32f0xx_i2c.o ABSOLUTE
    STM32F0xx_StdPeriph_Driver\\src\\stm32f0xx_iwdg.c 0x00000000   Number         0  stm32f0xx_iwdg.o ABSOLUTE
    STM32F0xx_StdPeriph_Driver\\src\\stm32f0xx_misc.c 0x00000000   Number         0  stm32f0xx_misc.o ABSOLUTE
    STM32F0xx_StdPeriph_Driver\\src\\stm32f0xx_pwr.c 0x00000000   Number         0  stm32f0xx_pwr.o ABSOLUTE
    STM32F0xx_StdPeriph_Driver\\src\\stm32f0xx_rcc.c 0x00000000   Number         0  stm32f0xx_rcc.o ABSOLUTE
    STM32F0xx_StdPeriph_Driver\\src\\stm32f0xx_rtc.c 0x00000000   Number         0  stm32f0xx_rtc.o ABSOLUTE
    STM32F0xx_StdPeriph_Driver\\src\\stm32f0xx_spi.c 0x00000000   Number         0  stm32f0xx_spi.o ABSOLUTE
    STM32F0xx_StdPeriph_Driver\\src\\stm32f0xx_syscfg.c 0x00000000   Number         0  stm32f0xx_syscfg.o ABSOLUTE
    STM32F0xx_StdPeriph_Driver\\src\\stm32f0xx_tim.c 0x00000000   Number         0  stm32f0xx_tim.o ABSOLUTE
    STM32F0xx_StdPeriph_Driver\\src\\stm32f0xx_usart.c 0x00000000   Number         0  stm32f0xx_usart.o ABSOLUTE
    STM32F0xx_StdPeriph_Driver\\src\\stm32f0xx_wwdg.c 0x00000000   Number         0  stm32f0xx_wwdg.o ABSOLUTE
    STM32F0xx_StdPeriph_Driver\src\stm32f0xx_adc.c 0x00000000   Number         0  stm32f0xx_adc.o ABSOLUTE
    STM32F0xx_StdPeriph_Driver\src\stm32f0xx_can.c 0x00000000   Number         0  stm32f0xx_can.o ABSOLUTE
    STM32F0xx_StdPeriph_Driver\src\stm32f0xx_cec.c 0x00000000   Number         0  stm32f0xx_cec.o ABSOLUTE
    STM32F0xx_StdPeriph_Driver\src\stm32f0xx_comp.c 0x00000000   Number         0  stm32f0xx_comp.o ABSOLUTE
    STM32F0xx_StdPeriph_Driver\src\stm32f0xx_crc.c 0x00000000   Number         0  stm32f0xx_crc.o ABSOLUTE
    STM32F0xx_StdPeriph_Driver\src\stm32f0xx_crs.c 0x00000000   Number         0  stm32f0xx_crs.o ABSOLUTE
    STM32F0xx_StdPeriph_Driver\src\stm32f0xx_dac.c 0x00000000   Number         0  stm32f0xx_dac.o ABSOLUTE
    STM32F0xx_StdPeriph_Driver\src\stm32f0xx_dbgmcu.c 0x00000000   Number         0  stm32f0xx_dbgmcu.o ABSOLUTE
    STM32F0xx_StdPeriph_Driver\src\stm32f0xx_dma.c 0x00000000   Number         0  stm32f0xx_dma.o ABSOLUTE
    STM32F0xx_StdPeriph_Driver\src\stm32f0xx_exti.c 0x00000000   Number         0  stm32f0xx_exti.o ABSOLUTE
    STM32F0xx_StdPeriph_Driver\src\stm32f0xx_flash.c 0x00000000   Number         0  stm32f0xx_flash.o ABSOLUTE
    STM32F0xx_StdPeriph_Driver\src\stm32f0xx_gpio.c 0x00000000   Number         0  stm32f0xx_gpio.o ABSOLUTE
    STM32F0xx_StdPeriph_Driver\src\stm32f0xx_i2c.c 0x00000000   Number         0  stm32f0xx_i2c.o ABSOLUTE
    STM32F0xx_StdPeriph_Driver\src\stm32f0xx_iwdg.c 0x00000000   Number         0  stm32f0xx_iwdg.o ABSOLUTE
    STM32F0xx_StdPeriph_Driver\src\stm32f0xx_misc.c 0x00000000   Number         0  stm32f0xx_misc.o ABSOLUTE
    STM32F0xx_StdPeriph_Driver\src\stm32f0xx_pwr.c 0x00000000   Number         0  stm32f0xx_pwr.o ABSOLUTE
    STM32F0xx_StdPeriph_Driver\src\stm32f0xx_rcc.c 0x00000000   Number         0  stm32f0xx_rcc.o ABSOLUTE
    STM32F0xx_StdPeriph_Driver\src\stm32f0xx_rtc.c 0x00000000   Number         0  stm32f0xx_rtc.o ABSOLUTE
    STM32F0xx_StdPeriph_Driver\src\stm32f0xx_spi.c 0x00000000   Number         0  stm32f0xx_spi.o ABSOLUTE
    STM32F0xx_StdPeriph_Driver\src\stm32f0xx_syscfg.c 0x00000000   Number         0  stm32f0xx_syscfg.o ABSOLUTE
    STM32F0xx_StdPeriph_Driver\src\stm32f0xx_tim.c 0x00000000   Number         0  stm32f0xx_tim.o ABSOLUTE
    STM32F0xx_StdPeriph_Driver\src\stm32f0xx_usart.c 0x00000000   Number         0  stm32f0xx_usart.o ABSOLUTE
    STM32F0xx_StdPeriph_Driver\src\stm32f0xx_wwdg.c 0x00000000   Number         0  stm32f0xx_wwdg.o ABSOLUTE
    User\\main.c                             0x00000000   Number         0  main.o ABSOLUTE
    User\\switcher.c                         0x00000000   Number         0  switcher.o ABSOLUTE
    User\\systick.c                          0x00000000   Number         0  systick.o ABSOLUTE
    User\\uart.c                             0x00000000   Number         0  uart.o ABSOLUTE
    User\fifo.c                              0x00000000   Number         0  fifo.o ABSOLUTE
    User\main.c                              0x00000000   Number         0  main.o ABSOLUTE
    User\protocol.c                          0x00000000   Number         0  protocol.o ABSOLUTE
    User\switcher.c                          0x00000000   Number         0  switcher.o ABSOLUTE
    User\systick.c                           0x00000000   Number         0  systick.o ABSOLUTE
    User\uart.c                              0x00000000   Number         0  uart.o ABSOLUTE
    cdrcmple.s                               0x00000000   Number         0  cdrcmple.o ABSOLUTE
    dc.s                                     0x00000000   Number         0  dc.o ABSOLUTE
    handlers.s                               0x00000000   Number         0  handlers.o ABSOLUTE
    init.s                                   0x00000000   Number         0  init.o ABSOLUTE
    RESET                                    0x08000000   Section      180  startup_stm32f030.o(RESET)
    .ARM.Collect$$$$00000000                 0x080000b4   Section        0  entry.o(.ARM.Collect$$$$00000000)
    .ARM.Collect$$$$00000001                 0x080000b4   Section        4  entry2.o(.ARM.Collect$$$$00000001)
    .ARM.Collect$$$$00000004                 0x080000b8   Section        4  entry5.o(.ARM.Collect$$$$00000004)
    .ARM.Collect$$$$00000008                 0x080000bc   Section        0  entry7b.o(.ARM.Collect$$$$00000008)
    .ARM.Collect$$$$0000000A                 0x080000bc   Section        0  entry8b.o(.ARM.Collect$$$$0000000A)
    .ARM.Collect$$$$0000000B                 0x080000bc   Section        8  entry9a.o(.ARM.Collect$$$$0000000B)
    .ARM.Collect$$$$0000000D                 0x080000c4   Section        0  entry10a.o(.ARM.Collect$$$$0000000D)
    .ARM.Collect$$$$0000000F                 0x080000c4   Section        0  entry11a.o(.ARM.Collect$$$$0000000F)
    .ARM.Collect$$$$00002712                 0x080000c4   Section        4  entry2.o(.ARM.Collect$$$$00002712)
    __lit__00000000                          0x080000c4   Data           4  entry2.o(.ARM.Collect$$$$00002712)
    .text                                    0x080000c8   Section       88  startup_stm32f030.o(.text)
    .text                                    0x08000120   Section        0  uidiv.o(.text)
    .text                                    0x0800014c   Section        0  idiv.o(.text)
    .text                                    0x08000174   Section        0  fmul.o(.text)
    .text                                    0x080001ee   Section        0  fdiv.o(.text)
    .text                                    0x0800026a   Section        0  fflti.o(.text)
    .text                                    0x08000280   Section        0  ffltui.o(.text)
    .text                                    0x0800028e   Section        0  ffixi.o(.text)
    .text                                    0x080002c0   Section        0  ffixui.o(.text)
    .text                                    0x080002e8   Section        0  f2d.o(.text)
    .text                                    0x08000310   Section        0  uldiv.o(.text)
    .text                                    0x08000370   Section        0  iusefp.o(.text)
    .text                                    0x08000370   Section        0  fepilogue.o(.text)
    .text                                    0x080003f4   Section        0  dadd.o(.text)
    .text                                    0x08000558   Section        0  dmul.o(.text)
    .text                                    0x08000628   Section        0  ddiv.o(.text)
    .text                                    0x08000718   Section        0  dfixul.o(.text)
    .text                                    0x08000758   Section       40  cdrcmple.o(.text)
    .text                                    0x08000780   Section       36  init.o(.text)
    .text                                    0x080007a4   Section        0  llshl.o(.text)
    .text                                    0x080007c4   Section        0  llushr.o(.text)
    .text                                    0x080007e6   Section        0  llsshr.o(.text)
    .text                                    0x0800080c   Section        0  depilogue.o(.text)
    i.ADC_ChannelConfig                      0x080008ca   Section        0  stm32f0xx_adc.o(i.ADC_ChannelConfig)
    i.ADC_Cmd                                0x080008e2   Section        0  stm32f0xx_adc.o(i.ADC_Cmd)
    i.ADC_Configuration                      0x080008fc   Section        0  main.o(i.ADC_Configuration)
    i.ADC_DMACmd                             0x08000a28   Section        0  stm32f0xx_adc.o(i.ADC_DMACmd)
    i.ADC_DMARequestModeConfig               0x08000a40   Section        0  stm32f0xx_adc.o(i.ADC_DMARequestModeConfig)
    i.ADC_DeInit                             0x08000a50   Section        0  stm32f0xx_adc.o(i.ADC_DeInit)
    i.ADC_GetCalibrationFactor               0x08000a70   Section        0  stm32f0xx_adc.o(i.ADC_GetCalibrationFactor)
    i.ADC_GetFlagStatus                      0x08000aac   Section        0  stm32f0xx_adc.o(i.ADC_GetFlagStatus)
    i.ADC_Init                               0x08000adc   Section        0  stm32f0xx_adc.o(i.ADC_Init)
    i.ADC_StartOfConversion                  0x08000b08   Section        0  stm32f0xx_adc.o(i.ADC_StartOfConversion)
    i.ADC_StructInit                         0x08000b12   Section        0  stm32f0xx_adc.o(i.ADC_StructInit)
    i.Cali_Adc_Value                         0x08000b24   Section        0  main.o(i.Cali_Adc_Value)
    i.ComputeCRC8                            0x08000b84   Section        0  protocol.o(i.ComputeCRC8)
    i.DMA1_Channel1_IRQHandler               0x08000bc0   Section        0  main.o(i.DMA1_Channel1_IRQHandler)
    i.DMA_ClearITPendingBit                  0x08000bdc   Section        0  stm32f0xx_dma.o(i.DMA_ClearITPendingBit)
    i.DMA_Cmd                                0x08000bfc   Section        0  stm32f0xx_dma.o(i.DMA_Cmd)
    i.DMA_DeInit                             0x08000c18   Section        0  stm32f0xx_dma.o(i.DMA_DeInit)
    i.DMA_GetITStatus                        0x08000d7c   Section        0  stm32f0xx_dma.o(i.DMA_GetITStatus)
    i.DMA_ITConfig                           0x08000db0   Section        0  stm32f0xx_dma.o(i.DMA_ITConfig)
    i.DMA_Init                               0x08000dc4   Section        0  stm32f0xx_dma.o(i.DMA_Init)
    i.FLASH_ClearFlag                        0x08000e04   Section        0  stm32f0xx_flash.o(i.FLASH_ClearFlag)
    i.FLASH_ErasePage                        0x08000e10   Section        0  stm32f0xx_flash.o(i.FLASH_ErasePage)
    i.FLASH_GetStatus                        0x08000e5c   Section        0  stm32f0xx_flash.o(i.FLASH_GetStatus)
    i.FLASH_Lock                             0x08000e98   Section        0  stm32f0xx_flash.o(i.FLASH_Lock)
    i.FLASH_ProgramWord                      0x08000eac   Section        0  stm32f0xx_flash.o(i.FLASH_ProgramWord)
    i.FLASH_Unlock                           0x08000f18   Section        0  stm32f0xx_flash.o(i.FLASH_Unlock)
    i.FLASH_WaitForLastOperation             0x08000f3c   Section        0  stm32f0xx_flash.o(i.FLASH_WaitForLastOperation)
    i.GPIO_Init                              0x08000f64   Section        0  stm32f0xx_gpio.o(i.GPIO_Init)
    i.GPIO_PinAFConfig                       0x08000ff4   Section        0  stm32f0xx_gpio.o(i.GPIO_PinAFConfig)
    i.GPIO_ReadInputDataBit                  0x08001038   Section        0  stm32f0xx_gpio.o(i.GPIO_ReadInputDataBit)
    i.GPIO_ResetBits                         0x0800104c   Section        0  stm32f0xx_gpio.o(i.GPIO_ResetBits)
    i.GPIO_SetBits                           0x08001050   Section        0  stm32f0xx_gpio.o(i.GPIO_SetBits)
    i.GPIO_StructInit                        0x08001054   Section        0  stm32f0xx_gpio.o(i.GPIO_StructInit)
    i.Motor1_Stop                            0x0800106c   Section        0  main.o(i.Motor1_Stop)
    i.Motor2_Back                            0x08001084   Section        0  main.o(i.Motor2_Back)
    i.Motor2_Forward                         0x0800109c   Section        0  main.o(i.Motor2_Forward)
    i.Motor2_Stop                            0x080010b4   Section        0  main.o(i.Motor2_Stop)
    i.NVIC_Init                              0x080010cc   Section        0  stm32f0xx_misc.o(i.NVIC_Init)
    i.NVIC_SetPriority                       0x0800113c   Section        0  systick.o(i.NVIC_SetPriority)
    NVIC_SetPriority                         0x0800113d   Thumb Code   110  systick.o(i.NVIC_SetPriority)
    i.PWM_Config                             0x080011b4   Section        0  main.o(i.PWM_Config)
    i.RCC_ADCCLKConfig                       0x080012a0   Section        0  stm32f0xx_rcc.o(i.RCC_ADCCLKConfig)
    i.RCC_AHBPeriphClockCmd                  0x080012d8   Section        0  stm32f0xx_rcc.o(i.RCC_AHBPeriphClockCmd)
    i.RCC_APB1PeriphClockCmd                 0x080012f8   Section        0  stm32f0xx_rcc.o(i.RCC_APB1PeriphClockCmd)
    i.RCC_APB2PeriphClockCmd                 0x08001318   Section        0  stm32f0xx_rcc.o(i.RCC_APB2PeriphClockCmd)
    i.RCC_APB2PeriphResetCmd                 0x08001338   Section        0  stm32f0xx_rcc.o(i.RCC_APB2PeriphResetCmd)
    i.RCC_GetClocksFreq                      0x08001358   Section        0  stm32f0xx_rcc.o(i.RCC_GetClocksFreq)
    i.SetSysClock                            0x080015a0   Section        0  system_stm32f0xx.o(i.SetSysClock)
    SetSysClock                              0x080015a1   Thumb Code   206  system_stm32f0xx.o(i.SetSysClock)
    i.SysTick_CLKSourceConfig                0x08001678   Section        0  stm32f0xx_misc.o(i.SysTick_CLKSourceConfig)
    i.SysTick_Handler                        0x0800169c   Section        0  systick.o(i.SysTick_Handler)
    i.SystemCoreClockConfigure               0x080016c4   Section        0  main.o(i.SystemCoreClockConfigure)
    i.SystemInit                             0x0800178c   Section        0  system_stm32f0xx.o(i.SystemInit)
    i.TIM_Cmd                                0x08001808   Section        0  stm32f0xx_tim.o(i.TIM_Cmd)
    i.TIM_CtrlPWMOutputs                     0x08001824   Section        0  stm32f0xx_tim.o(i.TIM_CtrlPWMOutputs)
    i.TIM_OC1Init                            0x08001848   Section        0  stm32f0xx_tim.o(i.TIM_OC1Init)
    i.TIM_OC2Init                            0x080018dc   Section        0  stm32f0xx_tim.o(i.TIM_OC2Init)
    i.TIM_OC3Init                            0x08001988   Section        0  stm32f0xx_tim.o(i.TIM_OC3Init)
    i.TIM_OC4Init                            0x08001a20   Section        0  stm32f0xx_tim.o(i.TIM_OC4Init)
    i.TIM_SetCompare1                        0x08001a90   Section        0  stm32f0xx_tim.o(i.TIM_SetCompare1)
    i.TIM_SetCompare2                        0x08001a94   Section        0  stm32f0xx_tim.o(i.TIM_SetCompare2)
    i.TIM_SetCompare3                        0x08001a98   Section        0  stm32f0xx_tim.o(i.TIM_SetCompare3)
    i.TIM_SetCompare4                        0x08001a9c   Section        0  stm32f0xx_tim.o(i.TIM_SetCompare4)
    i.TIM_TimeBaseInit                       0x08001aa0   Section        0  stm32f0xx_tim.o(i.TIM_TimeBaseInit)
    i.USART1_IRQHandler                      0x08001b1c   Section        0  uart.o(i.USART1_IRQHandler)
    i.USART2_IRQHandler                      0x08001b2c   Section        0  uart.o(i.USART2_IRQHandler)
    i.USART_Cmd                              0x08001b3c   Section        0  stm32f0xx_usart.o(i.USART_Cmd)
    i.USART_GetFlagStatus                    0x08001b54   Section        0  stm32f0xx_usart.o(i.USART_GetFlagStatus)
    i.USART_GetITStatus                      0x08001b68   Section        0  stm32f0xx_usart.o(i.USART_GetITStatus)
    i.USART_ITConfig                         0x08001bb6   Section        0  stm32f0xx_usart.o(i.USART_ITConfig)
    i.USART_Init                             0x08001bf8   Section        0  stm32f0xx_usart.o(i.USART_Init)
    i.USART_ReceiveData                      0x08001cf0   Section        0  stm32f0xx_usart.o(i.USART_ReceiveData)
    i.USART_SendData                         0x08001cfa   Section        0  stm32f0xx_usart.o(i.USART_SendData)
    i.USART_StructInit                       0x08001d02   Section        0  stm32f0xx_usart.o(i.USART_StructInit)
    i.Uart_Configuration                     0x08001d1c   Section        0  uart.o(i.Uart_Configuration)
    i.Uart_Get                               0x08001e24   Section        0  uart.o(i.Uart_Get)
    i.Uart_Put                               0x08001e6c   Section        0  uart.o(i.Uart_Put)
    i.Usart_Init                             0x08001ed8   Section        0  main.o(i.Usart_Init)
    i.__0printf                              0x08001f54   Section        0  printfa.o(i.__0printf)
    i.__ARM_clz                              0x08001f74   Section        0  depilogue.o(i.__ARM_clz)
    i.__scatterload_copy                     0x08001fa2   Section       14  handlers.o(i.__scatterload_copy)
    i.__scatterload_null                     0x08001fb0   Section        2  handlers.o(i.__scatterload_null)
    i.__scatterload_zeroinit                 0x08001fb2   Section       14  handlers.o(i.__scatterload_zeroinit)
    i._fp_digits                             0x08001fc0   Section        0  printfa.o(i._fp_digits)
    _fp_digits                               0x08001fc1   Thumb Code   316  printfa.o(i._fp_digits)
    i._printf_core                           0x08002118   Section        0  printfa.o(i._printf_core)
    _printf_core                             0x08002119   Thumb Code  1754  printfa.o(i._printf_core)
    i._printf_post_padding                   0x08002804   Section        0  printfa.o(i._printf_post_padding)
    _printf_post_padding                     0x08002805   Thumb Code    32  printfa.o(i._printf_post_padding)
    i._printf_pre_padding                    0x08002824   Section        0  printfa.o(i._printf_pre_padding)
    _printf_pre_padding                      0x08002825   Thumb Code    44  printfa.o(i._printf_pre_padding)
    i._protocol_check_decode_rate            0x08002850   Section        0  protocol.o(i._protocol_check_decode_rate)
    i._protocol_update_decode_rate           0x08002874   Section        0  protocol.o(i._protocol_update_decode_rate)
    i._uart_irq_function                     0x080028a8   Section        0  uart.o(i._uart_irq_function)
    i.app_init                               0x08002920   Section        0  main.o(i.app_init)
    i.cmd_even                               0x08002950   Section        0  main.o(i.cmd_even)
    i.cmd_handleMsg                          0x08002990   Section        0  main.o(i.cmd_handleMsg)
    i.config_init                            0x08002b74   Section        0  main.o(i.config_init)
    i.config_read                            0x08002bc0   Section        0  main.o(i.config_read)
    i.config_save                            0x08002be4   Section        0  main.o(i.config_save)
    i.current_to_adc                         0x08002c98   Section        0  main.o(i.current_to_adc)
    i.fifo_get                               0x08002cb4   Section        0  fifo.o(i.fifo_get)
    i.fifo_init                              0x08002cde   Section        0  fifo.o(i.fifo_init)
    i.fifo_put                               0x08002cf6   Section        0  fifo.o(i.fifo_put)
    i.fifo_put_force                         0x08002d1e   Section        0  fifo.o(i.fifo_put_force)
    i.fputc                                  0x08002d44   Section        0  main.o(i.fputc)
    i.get_adc_loop                           0x08002d5c   Section        0  main.o(i.get_adc_loop)
    i.led_event                              0x08002d78   Section        0  main.o(i.led_event)
    i.led_init                               0x08002dc8   Section        0  main.o(i.led_init)
    i.main                                   0x08002e34   Section        0  main.o(i.main)
    i.motor_control_even                     0x08002e70   Section        0  main.o(i.motor_control_even)
    i.motor_control_init                     0x080030dc   Section        0  main.o(i.motor_control_init)
    i.motor_control_start                    0x0800316c   Section        0  main.o(i.motor_control_start)
    i.motor_control_stop                     0x080031b8   Section        0  main.o(i.motor_control_stop)
    i.motor_control_update_limit             0x080031e4   Section        0  main.o(i.motor_control_update_limit)
    i.protocol_decode                        0x08003258   Section        0  protocol.o(i.protocol_decode)
    i.protocol_init                          0x080032c6   Section        0  protocol.o(i.protocol_init)
    i.protocol_parse                         0x080032e6   Section        0  protocol.o(i.protocol_parse)
    i.switch_init                            0x080033c8   Section        0  main.o(i.switch_init)
    i.switch_key_press_handler               0x0800343c   Section        0  main.o(i.switch_key_press_handler)
    i.switch_key_release_handler             0x08003440   Section        0  main.o(i.switch_key_release_handler)
    i.switcher_init                          0x0800345c   Section        0  switcher.o(i.switcher_init)
    i.switcher_interval_check                0x08003510   Section        0  switcher.o(i.switcher_interval_check)
    i.systick_check_timer                    0x08003588   Section        0  systick.o(i.systick_check_timer)
    i.systick_delay_ms                       0x080035d8   Section        0  systick.o(i.systick_delay_ms)
    i.systick_event                          0x080035f8   Section        0  systick.o(i.systick_event)
    i.systick_get_ms                         0x08003668   Section        0  systick.o(i.systick_get_ms)
    i.systick_init                           0x08003678   Section        0  systick.o(i.systick_init)
    i.systick_init_timer                     0x080036b0   Section        0  systick.o(i.systick_init_timer)
    .data                                    0x20000000   Section       34  main.o(.data)
    .data                                    0x20000024   Section       13  systick.o(.data)
    .data                                    0x20000034   Section       12  uart.o(.data)
    .data                                    0x20000040   Section       16  stm32f0xx_rcc.o(.data)
    APBAHBPrescTable                         0x20000040   Data          16  stm32f0xx_rcc.o(.data)
    .data                                    0x20000050   Section        4  stdout.o(.data)
    .bss                                     0x20000054   Section      604  main.o(.bss)
    escADCConvert                            0x20000128   Data          64  main.o(.bss)
    STACK                                    0x200002b0   Section     1024  startup_stm32f030.o(STACK)

    Global Symbols

    Symbol Name                              Value     Ov Type        Size  Object(Section)

    BuildAttributes$$THM_ISAv3M$S$PE$A:L22$X:L11$S22$IEEE1$IW$USESV6$~STKCKD$USESV7$~SHL$OTIME$ROPI$EBA8$MICROLIB$REQ8$PRES8$EABIv2 0x00000000   Number         0  anon$$obj.o ABSOLUTE
    __ARM_use_no_argv                        0x00000000   Number         0  main.o ABSOLUTE
    _printf_a                                0x00000000   Number         0  stubs.o ABSOLUTE
    _printf_c                                0x00000000   Number         0  stubs.o ABSOLUTE
    _printf_charcount                        0x00000000   Number         0  stubs.o ABSOLUTE
    _printf_d                                0x00000000   Number         0  stubs.o ABSOLUTE
    _printf_e                                0x00000000   Number         0  stubs.o ABSOLUTE
    _printf_f                                0x00000000   Number         0  stubs.o ABSOLUTE
    _printf_flags                            0x00000000   Number         0  stubs.o ABSOLUTE
    _printf_fp_dec                           0x00000000   Number         0  stubs.o ABSOLUTE
    _printf_fp_hex                           0x00000000   Number         0  stubs.o ABSOLUTE
    _printf_g                                0x00000000   Number         0  stubs.o ABSOLUTE
    _printf_i                                0x00000000   Number         0  stubs.o ABSOLUTE
    _printf_int_dec                          0x00000000   Number         0  stubs.o ABSOLUTE
    _printf_l                                0x00000000   Number         0  stubs.o ABSOLUTE
    _printf_lc                               0x00000000   Number         0  stubs.o ABSOLUTE
    _printf_ll                               0x00000000   Number         0  stubs.o ABSOLUTE
    _printf_lld                              0x00000000   Number         0  stubs.o ABSOLUTE
    _printf_lli                              0x00000000   Number         0  stubs.o ABSOLUTE
    _printf_llo                              0x00000000   Number         0  stubs.o ABSOLUTE
    _printf_llu                              0x00000000   Number         0  stubs.o ABSOLUTE
    _printf_llx                              0x00000000   Number         0  stubs.o ABSOLUTE
    _printf_longlong_dec                     0x00000000   Number         0  stubs.o ABSOLUTE
    _printf_longlong_hex                     0x00000000   Number         0  stubs.o ABSOLUTE
    _printf_longlong_oct                     0x00000000   Number         0  stubs.o ABSOLUTE
    _printf_ls                               0x00000000   Number         0  stubs.o ABSOLUTE
    _printf_mbtowc                           0x00000000   Number         0  stubs.o ABSOLUTE
    _printf_n                                0x00000000   Number         0  stubs.o ABSOLUTE
    _printf_o                                0x00000000   Number         0  stubs.o ABSOLUTE
    _printf_p                                0x00000000   Number         0  stubs.o ABSOLUTE
    _printf_percent                          0x00000000   Number         0  stubs.o ABSOLUTE
    _printf_pre_padding                      0x00000000   Number         0  stubs.o ABSOLUTE
    _printf_return_value                     0x00000000   Number         0  stubs.o ABSOLUTE
    _printf_s                                0x00000000   Number         0  stubs.o ABSOLUTE
    _printf_sizespec                         0x00000000   Number         0  stubs.o ABSOLUTE
    _printf_str                              0x00000000   Number         0  stubs.o ABSOLUTE
    _printf_truncate_signed                  0x00000000   Number         0  stubs.o ABSOLUTE
    _printf_truncate_unsigned                0x00000000   Number         0  stubs.o ABSOLUTE
    _printf_u                                0x00000000   Number         0  stubs.o ABSOLUTE
    _printf_wc                               0x00000000   Number         0  stubs.o ABSOLUTE
    _printf_wctomb                           0x00000000   Number         0  stubs.o ABSOLUTE
    _printf_widthprec                        0x00000000   Number         0  stubs.o ABSOLUTE
    _printf_x                                0x00000000   Number         0  stubs.o ABSOLUTE
    __cpp_initialize__aeabi_                  - Undefined Weak Reference
    __cxa_finalize                            - Undefined Weak Reference
    __decompress                              - Undefined Weak Reference
    _clock_init                               - Undefined Weak Reference
    _microlib_exit                            - Undefined Weak Reference
    __Vectors_Size                           0x000000b4   Number         0  startup_stm32f030.o ABSOLUTE
    __Vectors                                0x08000000   Data           4  startup_stm32f030.o(RESET)
    __Vectors_End                            0x080000b4   Data           0  startup_stm32f030.o(RESET)
    __main                                   0x080000b5   Thumb Code     0  entry.o(.ARM.Collect$$$$00000000)
    _main_stk                                0x080000b5   Thumb Code     0  entry2.o(.ARM.Collect$$$$00000001)
    _main_scatterload                        0x080000b9   Thumb Code     0  entry5.o(.ARM.Collect$$$$00000004)
    __main_after_scatterload                 0x080000bd   Thumb Code     0  entry5.o(.ARM.Collect$$$$00000004)
    _main_clock                              0x080000bd   Thumb Code     0  entry7b.o(.ARM.Collect$$$$00000008)
    _main_cpp_init                           0x080000bd   Thumb Code     0  entry8b.o(.ARM.Collect$$$$0000000A)
    _main_init                               0x080000bd   Thumb Code     0  entry9a.o(.ARM.Collect$$$$0000000B)
    __rt_final_cpp                           0x080000c5   Thumb Code     0  entry10a.o(.ARM.Collect$$$$0000000D)
    __rt_final_exit                          0x080000c5   Thumb Code     0  entry11a.o(.ARM.Collect$$$$0000000F)
    Reset_Handler                            0x080000c9   Thumb Code    38  startup_stm32f030.o(.text)
    NMI_Handler                              0x080000ef   Thumb Code     2  startup_stm32f030.o(.text)
    HardFault_Handler                        0x080000f1   Thumb Code     2  startup_stm32f030.o(.text)
    SVC_Handler                              0x080000f3   Thumb Code     2  startup_stm32f030.o(.text)
    PendSV_Handler                           0x080000f5   Thumb Code     2  startup_stm32f030.o(.text)
    ADC1_IRQHandler                          0x080000f9   Thumb Code     0  startup_stm32f030.o(.text)
    DMA1_Channel2_3_IRQHandler               0x080000f9   Thumb Code     0  startup_stm32f030.o(.text)
    DMA1_Channel4_5_IRQHandler               0x080000f9   Thumb Code     0  startup_stm32f030.o(.text)
    EXTI0_1_IRQHandler                       0x080000f9   Thumb Code     0  startup_stm32f030.o(.text)
    EXTI2_3_IRQHandler                       0x080000f9   Thumb Code     0  startup_stm32f030.o(.text)
    EXTI4_15_IRQHandler                      0x080000f9   Thumb Code     0  startup_stm32f030.o(.text)
    FLASH_IRQHandler                         0x080000f9   Thumb Code     0  startup_stm32f030.o(.text)
    I2C1_IRQHandler                          0x080000f9   Thumb Code     0  startup_stm32f030.o(.text)
    I2C2_IRQHandler                          0x080000f9   Thumb Code     0  startup_stm32f030.o(.text)
    RCC_IRQHandler                           0x080000f9   Thumb Code     0  startup_stm32f030.o(.text)
    RTC_IRQHandler                           0x080000f9   Thumb Code     0  startup_stm32f030.o(.text)
    SPI1_IRQHandler                          0x080000f9   Thumb Code     0  startup_stm32f030.o(.text)
    SPI2_IRQHandler                          0x080000f9   Thumb Code     0  startup_stm32f030.o(.text)
    TIM14_IRQHandler                         0x080000f9   Thumb Code     0  startup_stm32f030.o(.text)
    TIM15_IRQHandler                         0x080000f9   Thumb Code     0  startup_stm32f030.o(.text)
    TIM16_IRQHandler                         0x080000f9   Thumb Code     0  startup_stm32f030.o(.text)
    TIM17_IRQHandler                         0x080000f9   Thumb Code     0  startup_stm32f030.o(.text)
    TIM1_BRK_UP_TRG_COM_IRQHandler           0x080000f9   Thumb Code     0  startup_stm32f030.o(.text)
    TIM1_CC_IRQHandler                       0x080000f9   Thumb Code     0  startup_stm32f030.o(.text)
    TIM3_IRQHandler                          0x080000f9   Thumb Code     0  startup_stm32f030.o(.text)
    WWDG_IRQHandler                          0x080000f9   Thumb Code     0  startup_stm32f030.o(.text)
    __aeabi_uidiv                            0x08000121   Thumb Code     0  uidiv.o(.text)
    __aeabi_uidivmod                         0x08000121   Thumb Code    44  uidiv.o(.text)
    __aeabi_idiv                             0x0800014d   Thumb Code     0  idiv.o(.text)
    __aeabi_idivmod                          0x0800014d   Thumb Code    40  idiv.o(.text)
    __aeabi_fmul                             0x08000175   Thumb Code   122  fmul.o(.text)
    __aeabi_fdiv                             0x080001ef   Thumb Code   124  fdiv.o(.text)
    __aeabi_i2f                              0x0800026b   Thumb Code    22  fflti.o(.text)
    __aeabi_ui2f                             0x08000281   Thumb Code    14  ffltui.o(.text)
    __aeabi_f2iz                             0x0800028f   Thumb Code    50  ffixi.o(.text)
    __aeabi_f2uiz                            0x080002c1   Thumb Code    40  ffixui.o(.text)
    __aeabi_f2d                              0x080002e9   Thumb Code    40  f2d.o(.text)
    __aeabi_uldivmod                         0x08000311   Thumb Code    96  uldiv.o(.text)
    __I$use$fp                               0x08000371   Thumb Code     0  iusefp.o(.text)
    _float_round                             0x08000371   Thumb Code    16  fepilogue.o(.text)
    _float_epilogue                          0x08000381   Thumb Code   114  fepilogue.o(.text)
    __aeabi_dadd                             0x080003f5   Thumb Code   328  dadd.o(.text)
    __aeabi_dsub                             0x0800053d   Thumb Code    12  dadd.o(.text)
    __aeabi_drsub                            0x08000549   Thumb Code    12  dadd.o(.text)
    __aeabi_dmul                             0x08000559   Thumb Code   202  dmul.o(.text)
    __aeabi_ddiv                             0x08000629   Thumb Code   234  ddiv.o(.text)
    __aeabi_d2ulz                            0x08000719   Thumb Code    54  dfixul.o(.text)
    __aeabi_cdrcmple                         0x08000759   Thumb Code    38  cdrcmple.o(.text)
    __scatterload                            0x08000781   Thumb Code    28  init.o(.text)
    __scatterload_rt2                        0x08000781   Thumb Code     0  init.o(.text)
    __aeabi_llsl                             0x080007a5   Thumb Code    32  llshl.o(.text)
    _ll_shift_l                              0x080007a5   Thumb Code     0  llshl.o(.text)
    __aeabi_llsr                             0x080007c5   Thumb Code    34  llushr.o(.text)
    _ll_ushift_r                             0x080007c5   Thumb Code     0  llushr.o(.text)
    __aeabi_lasr                             0x080007e7   Thumb Code    38  llsshr.o(.text)
    _ll_sshift_r                             0x080007e7   Thumb Code     0  llsshr.o(.text)
    _double_round                            0x0800080d   Thumb Code    26  depilogue.o(.text)
    _double_epilogue                         0x08000827   Thumb Code   164  depilogue.o(.text)
    ADC_ChannelConfig                        0x080008cb   Thumb Code    24  stm32f0xx_adc.o(i.ADC_ChannelConfig)
    ADC_Cmd                                  0x080008e3   Thumb Code    24  stm32f0xx_adc.o(i.ADC_Cmd)
    ADC_Configuration                        0x080008fd   Thumb Code   274  main.o(i.ADC_Configuration)
    ADC_DMACmd                               0x08000a29   Thumb Code    24  stm32f0xx_adc.o(i.ADC_DMACmd)
    ADC_DMARequestModeConfig                 0x08000a41   Thumb Code    16  stm32f0xx_adc.o(i.ADC_DMARequestModeConfig)
    ADC_DeInit                               0x08000a51   Thumb Code    28  stm32f0xx_adc.o(i.ADC_DeInit)
    ADC_GetCalibrationFactor                 0x08000a71   Thumb Code    60  stm32f0xx_adc.o(i.ADC_GetCalibrationFactor)
    ADC_GetFlagStatus                        0x08000aad   Thumb Code    48  stm32f0xx_adc.o(i.ADC_GetFlagStatus)
    ADC_Init                                 0x08000add   Thumb Code    40  stm32f0xx_adc.o(i.ADC_Init)
    ADC_StartOfConversion                    0x08000b09   Thumb Code    10  stm32f0xx_adc.o(i.ADC_StartOfConversion)
    ADC_StructInit                           0x08000b13   Thumb Code    16  stm32f0xx_adc.o(i.ADC_StructInit)
    Cali_Adc_Value                           0x08000b25   Thumb Code    68  main.o(i.Cali_Adc_Value)
    ComputeCRC8                              0x08000b85   Thumb Code    58  protocol.o(i.ComputeCRC8)
    DMA1_Channel1_IRQHandler                 0x08000bc1   Thumb Code    24  main.o(i.DMA1_Channel1_IRQHandler)
    DMA_ClearITPendingBit                    0x08000bdd   Thumb Code    22  stm32f0xx_dma.o(i.DMA_ClearITPendingBit)
    DMA_Cmd                                  0x08000bfd   Thumb Code    24  stm32f0xx_dma.o(i.DMA_Cmd)
    DMA_DeInit                               0x08000c19   Thumb Code   342  stm32f0xx_dma.o(i.DMA_DeInit)
    DMA_GetITStatus                          0x08000d7d   Thumb Code    42  stm32f0xx_dma.o(i.DMA_GetITStatus)
    DMA_ITConfig                             0x08000db1   Thumb Code    20  stm32f0xx_dma.o(i.DMA_ITConfig)
    DMA_Init                                 0x08000dc5   Thumb Code    58  stm32f0xx_dma.o(i.DMA_Init)
    FLASH_ClearFlag                          0x08000e05   Thumb Code     6  stm32f0xx_flash.o(i.FLASH_ClearFlag)
    FLASH_ErasePage                          0x08000e11   Thumb Code    72  stm32f0xx_flash.o(i.FLASH_ErasePage)
    FLASH_GetStatus                          0x08000e5d   Thumb Code    54  stm32f0xx_flash.o(i.FLASH_GetStatus)
    FLASH_Lock                               0x08000e99   Thumb Code    14  stm32f0xx_flash.o(i.FLASH_Lock)
    FLASH_ProgramWord                        0x08000ead   Thumb Code   104  stm32f0xx_flash.o(i.FLASH_ProgramWord)
    FLASH_Unlock                             0x08000f19   Thumb Code    24  stm32f0xx_flash.o(i.FLASH_Unlock)
    FLASH_WaitForLastOperation               0x08000f3d   Thumb Code    40  stm32f0xx_flash.o(i.FLASH_WaitForLastOperation)
    GPIO_Init                                0x08000f65   Thumb Code   144  stm32f0xx_gpio.o(i.GPIO_Init)
    GPIO_PinAFConfig                         0x08000ff5   Thumb Code    68  stm32f0xx_gpio.o(i.GPIO_PinAFConfig)
    GPIO_ReadInputDataBit                    0x08001039   Thumb Code    20  stm32f0xx_gpio.o(i.GPIO_ReadInputDataBit)
    GPIO_ResetBits                           0x0800104d   Thumb Code     4  stm32f0xx_gpio.o(i.GPIO_ResetBits)
    GPIO_SetBits                             0x08001051   Thumb Code     4  stm32f0xx_gpio.o(i.GPIO_SetBits)
    GPIO_StructInit                          0x08001055   Thumb Code    20  stm32f0xx_gpio.o(i.GPIO_StructInit)
    Motor1_Stop                              0x0800106d   Thumb Code    20  main.o(i.Motor1_Stop)
    Motor2_Back                              0x08001085   Thumb Code    20  main.o(i.Motor2_Back)
    Motor2_Forward                           0x0800109d   Thumb Code    20  main.o(i.Motor2_Forward)
    Motor2_Stop                              0x080010b5   Thumb Code    20  main.o(i.Motor2_Stop)
    NVIC_Init                                0x080010cd   Thumb Code   106  stm32f0xx_misc.o(i.NVIC_Init)
    PWM_Config                               0x080011b5   Thumb Code   228  main.o(i.PWM_Config)
    RCC_ADCCLKConfig                         0x080012a1   Thumb Code    52  stm32f0xx_rcc.o(i.RCC_ADCCLKConfig)
    RCC_AHBPeriphClockCmd                    0x080012d9   Thumb Code    28  stm32f0xx_rcc.o(i.RCC_AHBPeriphClockCmd)
    RCC_APB1PeriphClockCmd                   0x080012f9   Thumb Code    28  stm32f0xx_rcc.o(i.RCC_APB1PeriphClockCmd)
    RCC_APB2PeriphClockCmd                   0x08001319   Thumb Code    28  stm32f0xx_rcc.o(i.RCC_APB2PeriphClockCmd)
    RCC_APB2PeriphResetCmd                   0x08001339   Thumb Code    28  stm32f0xx_rcc.o(i.RCC_APB2PeriphResetCmd)
    RCC_GetClocksFreq                        0x08001359   Thumb Code   554  stm32f0xx_rcc.o(i.RCC_GetClocksFreq)
    SysTick_CLKSourceConfig                  0x08001679   Thumb Code    32  stm32f0xx_misc.o(i.SysTick_CLKSourceConfig)
    SysTick_Handler                          0x0800169d   Thumb Code    30  systick.o(i.SysTick_Handler)
    SystemCoreClockConfigure                 0x080016c5   Thumb Code   192  main.o(i.SystemCoreClockConfigure)
    SystemInit                               0x0800178d   Thumb Code   110  system_stm32f0xx.o(i.SystemInit)
    TIM_Cmd                                  0x08001809   Thumb Code    24  stm32f0xx_tim.o(i.TIM_Cmd)
    TIM_CtrlPWMOutputs                       0x08001825   Thumb Code    34  stm32f0xx_tim.o(i.TIM_CtrlPWMOutputs)
    TIM_OC1Init                              0x08001849   Thumb Code   122  stm32f0xx_tim.o(i.TIM_OC1Init)
    TIM_OC2Init                              0x080018dd   Thumb Code   142  stm32f0xx_tim.o(i.TIM_OC2Init)
    TIM_OC3Init                              0x08001989   Thumb Code   124  stm32f0xx_tim.o(i.TIM_OC3Init)
    TIM_OC4Init                              0x08001a21   Thumb Code    88  stm32f0xx_tim.o(i.TIM_OC4Init)
    TIM_SetCompare1                          0x08001a91   Thumb Code     4  stm32f0xx_tim.o(i.TIM_SetCompare1)
    TIM_SetCompare2                          0x08001a95   Thumb Code     4  stm32f0xx_tim.o(i.TIM_SetCompare2)
    TIM_SetCompare3                          0x08001a99   Thumb Code     4  stm32f0xx_tim.o(i.TIM_SetCompare3)
    TIM_SetCompare4                          0x08001a9d   Thumb Code     4  stm32f0xx_tim.o(i.TIM_SetCompare4)
    TIM_TimeBaseInit                         0x08001aa1   Thumb Code    90  stm32f0xx_tim.o(i.TIM_TimeBaseInit)
    USART1_IRQHandler                        0x08001b1d   Thumb Code    12  uart.o(i.USART1_IRQHandler)
    USART2_IRQHandler                        0x08001b2d   Thumb Code    12  uart.o(i.USART2_IRQHandler)
    USART_Cmd                                0x08001b3d   Thumb Code    24  stm32f0xx_usart.o(i.USART_Cmd)
    USART_GetFlagStatus                      0x08001b55   Thumb Code    20  stm32f0xx_usart.o(i.USART_GetFlagStatus)
    USART_GetITStatus                        0x08001b69   Thumb Code    78  stm32f0xx_usart.o(i.USART_GetITStatus)
    USART_ITConfig                           0x08001bb7   Thumb Code    66  stm32f0xx_usart.o(i.USART_ITConfig)
    USART_Init                               0x08001bf9   Thumb Code   226  stm32f0xx_usart.o(i.USART_Init)
    USART_ReceiveData                        0x08001cf1   Thumb Code    10  stm32f0xx_usart.o(i.USART_ReceiveData)
    USART_SendData                           0x08001cfb   Thumb Code     8  stm32f0xx_usart.o(i.USART_SendData)
    USART_StructInit                         0x08001d03   Thumb Code    24  stm32f0xx_usart.o(i.USART_StructInit)
    Uart_Configuration                       0x08001d1d   Thumb Code   234  uart.o(i.Uart_Configuration)
    Uart_Get                                 0x08001e25   Thumb Code    66  uart.o(i.Uart_Get)
    Uart_Put                                 0x08001e6d   Thumb Code   102  uart.o(i.Uart_Put)
    Usart_Init                               0x08001ed9   Thumb Code   116  main.o(i.Usart_Init)
    __0printf                                0x08001f55   Thumb Code    24  printfa.o(i.__0printf)
    __1printf                                0x08001f55   Thumb Code     0  printfa.o(i.__0printf)
    __2printf                                0x08001f55   Thumb Code     0  printfa.o(i.__0printf)
    __c89printf                              0x08001f55   Thumb Code     0  printfa.o(i.__0printf)
    printf                                   0x08001f55   Thumb Code     0  printfa.o(i.__0printf)
    __ARM_clz                                0x08001f75   Thumb Code    46  depilogue.o(i.__ARM_clz)
    __scatterload_copy                       0x08001fa3   Thumb Code    14  handlers.o(i.__scatterload_copy)
    __scatterload_null                       0x08001fb1   Thumb Code     2  handlers.o(i.__scatterload_null)
    __scatterload_zeroinit                   0x08001fb3   Thumb Code    14  handlers.o(i.__scatterload_zeroinit)
    _protocol_check_decode_rate              0x08002851   Thumb Code    36  protocol.o(i._protocol_check_decode_rate)
    _protocol_update_decode_rate             0x08002875   Thumb Code    50  protocol.o(i._protocol_update_decode_rate)
    _uart_irq_function                       0x080028a9   Thumb Code   110  uart.o(i._uart_irq_function)
    app_init                                 0x08002921   Thumb Code    42  main.o(i.app_init)
    cmd_even                                 0x08002951   Thumb Code    52  main.o(i.cmd_even)
    cmd_handleMsg                            0x08002991   Thumb Code   304  main.o(i.cmd_handleMsg)
    config_init                              0x08002b75   Thumb Code    48  main.o(i.config_init)
    config_read                              0x08002bc1   Thumb Code    28  main.o(i.config_read)
    config_save                              0x08002be5   Thumb Code   154  main.o(i.config_save)
    current_to_adc                           0x08002c99   Thumb Code    22  main.o(i.current_to_adc)
    fifo_get                                 0x08002cb5   Thumb Code    42  fifo.o(i.fifo_get)
    fifo_init                                0x08002cdf   Thumb Code    24  fifo.o(i.fifo_init)
    fifo_put                                 0x08002cf7   Thumb Code    40  fifo.o(i.fifo_put)
    fifo_put_force                           0x08002d1f   Thumb Code    36  fifo.o(i.fifo_put_force)
    fputc                                    0x08002d45   Thumb Code    18  main.o(i.fputc)
    get_adc_loop                             0x08002d5d   Thumb Code    24  main.o(i.get_adc_loop)
    led_event                                0x08002d79   Thumb Code    68  main.o(i.led_event)
    led_init                                 0x08002dc9   Thumb Code    94  main.o(i.led_init)
    main                                     0x08002e35   Thumb Code    52  main.o(i.main)
    motor_control_even                       0x08002e71   Thumb Code   444  main.o(i.motor_control_even)
    motor_control_init                       0x080030dd   Thumb Code   132  main.o(i.motor_control_init)
    motor_control_start                      0x0800316d   Thumb Code    52  main.o(i.motor_control_start)
    motor_control_stop                       0x080031b9   Thumb Code    32  main.o(i.motor_control_stop)
    motor_control_update_limit               0x080031e5   Thumb Code    58  main.o(i.motor_control_update_limit)
    protocol_decode                          0x08003259   Thumb Code   110  protocol.o(i.protocol_decode)
    protocol_init                            0x080032c7   Thumb Code    32  protocol.o(i.protocol_init)
    protocol_parse                           0x080032e7   Thumb Code   226  protocol.o(i.protocol_parse)
    switch_init                              0x080033c9   Thumb Code    92  main.o(i.switch_init)
    switch_key_press_handler                 0x0800343d   Thumb Code     2  main.o(i.switch_key_press_handler)
    switch_key_release_handler               0x08003441   Thumb Code    22  main.o(i.switch_key_release_handler)
    switcher_init                            0x0800345d   Thumb Code   164  switcher.o(i.switcher_init)
    switcher_interval_check                  0x08003511   Thumb Code   118  switcher.o(i.switcher_interval_check)
    systick_check_timer                      0x08003589   Thumb Code    68  systick.o(i.systick_check_timer)
    systick_delay_ms                         0x080035d9   Thumb Code    28  systick.o(i.systick_delay_ms)
    systick_event                            0x080035f9   Thumb Code    92  systick.o(i.systick_event)
    systick_get_ms                           0x08003669   Thumb Code    12  systick.o(i.systick_get_ms)
    systick_init                             0x08003679   Thumb Code    52  systick.o(i.systick_init)
    systick_init_timer                       0x080036b1   Thumb Code    44  systick.o(i.systick_init_timer)
    Region$$Table$$Base                      0x080036e8   Number         0  anon$$obj.o(Region$$Table)
    Region$$Table$$Limit                     0x08003708   Number         0  anon$$obj.o(Region$$Table)
    debug_en                                 0x20000000   Data           4  main.o(.data)
    led_flash                                0x20000004   Data           4  main.o(.data)
    adc_updated                              0x20000008   Data           4  main.o(.data)
    motor_status                             0x2000000c   Data           1  main.o(.data)
    motor_ms                                 0x20000010   Data           4  main.o(.data)
    adc_record                               0x20000014   Data           4  main.o(.data)
    adc_record_count                         0x20000018   Data           4  main.o(.data)
    ADC_MAX_FWD                              0x2000001c   Data           2  main.o(.data)
    ADC_MAX_REV                              0x2000001e   Data           2  main.o(.data)
    CHASSIS_SHOOTED_ADC                      0x20000020   Data           2  main.o(.data)
    TimingDelay                              0x20000024   Data           4  systick.o(.data)
    systick_ms                               0x20000028   Data           4  systick.o(.data)
    systick_us                               0x2000002c   Data           4  systick.o(.data)
    systick_ms_overflow                      0x20000030   Data           1  systick.o(.data)
    uart1_p                                  0x20000034   Data           4  uart.o(.data)
    uart2_p                                  0x20000038   Data           4  uart.o(.data)
    uart3_p                                  0x2000003c   Data           4  uart.o(.data)
    __stdout                                 0x20000050   Data           4  stdout.o(.data)
    g_config                                 0x20000054   Data          16  main.o(.bss)
    Uart2                                    0x20000064   Data         184  main.o(.bss)
    led_timer                                0x2000011c   Data          12  main.o(.bss)
    motor_timer                              0x20000168   Data          12  main.o(.bss)
    sw_timer                                 0x20000174   Data          12  main.o(.bss)
    startButton                              0x20000180   Data          28  main.o(.bss)
    cmd_coder                                0x2000019c   Data         276  main.o(.bss)
    __initial_sp                             0x200006b0   Data           0  startup_stm32f030.o(STACK)



==============================================================================

Memory Map of the image

  Image Entry point : 0x080000c9

  Load Region LR_1 (Base: 0x08000000, Size: 0x0000375c, Max: 0xffffffff, ABSOLUTE)

    Execution Region ER_RO (Base: 0x08000000, Size: 0x00003708, Max: 0xffffffff, ABSOLUTE)

    Base Addr    Size         Type   Attr      Idx    E Section Name        Object

    0x08000000   0x000000b4   Data   RO         4416    RESET               startup_stm32f030.o
    0x080000b4   0x00000000   Code   RO         4421  * .ARM.Collect$$$$00000000  mc_p.l(entry.o)
    0x080000b4   0x00000004   Code   RO         4703    .ARM.Collect$$$$00000001  mc_p.l(entry2.o)
    0x080000b8   0x00000004   Code   RO         4706    .ARM.Collect$$$$00000004  mc_p.l(entry5.o)
    0x080000bc   0x00000000   Code   RO         4708    .ARM.Collect$$$$00000008  mc_p.l(entry7b.o)
    0x080000bc   0x00000000   Code   RO         4710    .ARM.Collect$$$$0000000A  mc_p.l(entry8b.o)
    0x080000bc   0x00000008   Code   RO         4711    .ARM.Collect$$$$0000000B  mc_p.l(entry9a.o)
    0x080000c4   0x00000000   Code   RO         4713    .ARM.Collect$$$$0000000D  mc_p.l(entry10a.o)
    0x080000c4   0x00000000   Code   RO         4715    .ARM.Collect$$$$0000000F  mc_p.l(entry11a.o)
    0x080000c4   0x00000004   Code   RO         4704    .ARM.Collect$$$$00002712  mc_p.l(entry2.o)
    0x080000c8   0x00000058   Code   RO         4417  * .text               startup_stm32f030.o
    0x08000120   0x0000002c   Code   RO         4424    .text               mc_p.l(uidiv.o)
    0x0800014c   0x00000028   Code   RO         4426    .text               mc_p.l(idiv.o)
    0x08000174   0x0000007a   Code   RO         4689    .text               mf_p.l(fmul.o)
    0x080001ee   0x0000007c   Code   RO         4691    .text               mf_p.l(fdiv.o)
    0x0800026a   0x00000016   Code   RO         4693    .text               mf_p.l(fflti.o)
    0x08000280   0x0000000e   Code   RO         4695    .text               mf_p.l(ffltui.o)
    0x0800028e   0x00000032   Code   RO         4697    .text               mf_p.l(ffixi.o)
    0x080002c0   0x00000028   Code   RO         4699    .text               mf_p.l(ffixui.o)
    0x080002e8   0x00000028   Code   RO         4701    .text               mf_p.l(f2d.o)
    0x08000310   0x00000060   Code   RO         4718    .text               mc_p.l(uldiv.o)
    0x08000370   0x00000000   Code   RO         4720    .text               mc_p.l(iusefp.o)
    0x08000370   0x00000082   Code   RO         4721    .text               mf_p.l(fepilogue.o)
    0x080003f2   0x00000002   PAD
    0x080003f4   0x00000164   Code   RO         4723    .text               mf_p.l(dadd.o)
    0x08000558   0x000000d0   Code   RO         4725    .text               mf_p.l(dmul.o)
    0x08000628   0x000000f0   Code   RO         4727    .text               mf_p.l(ddiv.o)
    0x08000718   0x00000040   Code   RO         4729    .text               mf_p.l(dfixul.o)
    0x08000758   0x00000028   Code   RO         4731    .text               mf_p.l(cdrcmple.o)
    0x08000780   0x00000024   Code   RO         4733    .text               mc_p.l(init.o)
    0x080007a4   0x00000020   Code   RO         4735    .text               mc_p.l(llshl.o)
    0x080007c4   0x00000022   Code   RO         4737    .text               mc_p.l(llushr.o)
    0x080007e6   0x00000026   Code   RO         4739    .text               mc_p.l(llsshr.o)
    0x0800080c   0x000000be   Code   RO         4741    .text               mf_p.l(depilogue.o)
    0x080008ca   0x00000018   Code   RO          786    i.ADC_ChannelConfig  stm32f0xx_adc.o
    0x080008e2   0x00000018   Code   RO          790    i.ADC_Cmd           stm32f0xx_adc.o
    0x080008fa   0x00000002   PAD
    0x080008fc   0x0000012c   Code   RO            3    i.ADC_Configuration  main.o
    0x08000a28   0x00000018   Code   RO          792    i.ADC_DMACmd        stm32f0xx_adc.o
    0x08000a40   0x00000010   Code   RO          793    i.ADC_DMARequestModeConfig  stm32f0xx_adc.o
    0x08000a50   0x00000020   Code   RO          794    i.ADC_DeInit        stm32f0xx_adc.o
    0x08000a70   0x0000003c   Code   RO          796    i.ADC_GetCalibrationFactor  stm32f0xx_adc.o
    0x08000aac   0x00000030   Code   RO          798    i.ADC_GetFlagStatus  stm32f0xx_adc.o
    0x08000adc   0x0000002c   Code   RO          801    i.ADC_Init          stm32f0xx_adc.o
    0x08000b08   0x0000000a   Code   RO          804    i.ADC_StartOfConversion  stm32f0xx_adc.o
    0x08000b12   0x00000010   Code   RO          806    i.ADC_StructInit    stm32f0xx_adc.o
    0x08000b22   0x00000002   PAD
    0x08000b24   0x00000060   Code   RO            4    i.Cali_Adc_Value    main.o
    0x08000b84   0x0000003a   Code   RO          608    i.ComputeCRC8       protocol.o
    0x08000bbe   0x00000002   PAD
    0x08000bc0   0x0000001c   Code   RO            5    i.DMA1_Channel1_IRQHandler  main.o
    0x08000bdc   0x00000020   Code   RO         1715    i.DMA_ClearITPendingBit  stm32f0xx_dma.o
    0x08000bfc   0x0000001c   Code   RO         1716    i.DMA_Cmd           stm32f0xx_dma.o
    0x08000c18   0x00000164   Code   RO         1717    i.DMA_DeInit        stm32f0xx_dma.o
    0x08000d7c   0x00000034   Code   RO         1720    i.DMA_GetITStatus   stm32f0xx_dma.o
    0x08000db0   0x00000014   Code   RO         1721    i.DMA_ITConfig      stm32f0xx_dma.o
    0x08000dc4   0x00000040   Code   RO         1722    i.DMA_Init          stm32f0xx_dma.o
    0x08000e04   0x0000000c   Code   RO         1868    i.FLASH_ClearFlag   stm32f0xx_flash.o
    0x08000e10   0x0000004c   Code   RO         1870    i.FLASH_ErasePage   stm32f0xx_flash.o
    0x08000e5c   0x0000003c   Code   RO         1873    i.FLASH_GetStatus   stm32f0xx_flash.o
    0x08000e98   0x00000014   Code   RO         1875    i.FLASH_Lock        stm32f0xx_flash.o
    0x08000eac   0x0000006c   Code   RO         1895    i.FLASH_ProgramWord  stm32f0xx_flash.o
    0x08000f18   0x00000024   Code   RO         1897    i.FLASH_Unlock      stm32f0xx_flash.o
    0x08000f3c   0x00000028   Code   RO         1898    i.FLASH_WaitForLastOperation  stm32f0xx_flash.o
    0x08000f64   0x00000090   Code   RO         2072    i.GPIO_Init         stm32f0xx_gpio.o
    0x08000ff4   0x00000044   Code   RO         2073    i.GPIO_PinAFConfig  stm32f0xx_gpio.o
    0x08001038   0x00000014   Code   RO         2076    i.GPIO_ReadInputDataBit  stm32f0xx_gpio.o
    0x0800104c   0x00000004   Code   RO         2079    i.GPIO_ResetBits    stm32f0xx_gpio.o
    0x08001050   0x00000004   Code   RO         2080    i.GPIO_SetBits      stm32f0xx_gpio.o
    0x08001054   0x00000018   Code   RO         2081    i.GPIO_StructInit   stm32f0xx_gpio.o
    0x0800106c   0x00000018   Code   RO            8    i.Motor1_Stop       main.o
    0x08001084   0x00000018   Code   RO            9    i.Motor2_Back       main.o
    0x0800109c   0x00000018   Code   RO           10    i.Motor2_Forward    main.o
    0x080010b4   0x00000018   Code   RO           11    i.Motor2_Stop       main.o
    0x080010cc   0x00000070   Code   RO         2491    i.NVIC_Init         stm32f0xx_misc.o
    0x0800113c   0x00000078   Code   RO          346    i.NVIC_SetPriority  systick.o
    0x080011b4   0x000000ec   Code   RO           12    i.PWM_Config        main.o
    0x080012a0   0x00000038   Code   RO         2597    i.RCC_ADCCLKConfig  stm32f0xx_rcc.o
    0x080012d8   0x00000020   Code   RO         2598    i.RCC_AHBPeriphClockCmd  stm32f0xx_rcc.o
    0x080012f8   0x00000020   Code   RO         2600    i.RCC_APB1PeriphClockCmd  stm32f0xx_rcc.o
    0x08001318   0x00000020   Code   RO         2602    i.RCC_APB2PeriphClockCmd  stm32f0xx_rcc.o
    0x08001338   0x00000020   Code   RO         2603    i.RCC_APB2PeriphResetCmd  stm32f0xx_rcc.o
    0x08001358   0x00000248   Code   RO         2612    i.RCC_GetClocksFreq  stm32f0xx_rcc.o
    0x080015a0   0x000000d8   Code   RO          744    i.SetSysClock       system_stm32f0xx.o
    0x08001678   0x00000024   Code   RO         2493    i.SysTick_CLKSourceConfig  stm32f0xx_misc.o
    0x0800169c   0x00000028   Code   RO          347    i.SysTick_Handler   systick.o
    0x080016c4   0x000000c8   Code   RO           13    i.SystemCoreClockConfigure  main.o
    0x0800178c   0x0000007c   Code   RO          746    i.SystemInit        system_stm32f0xx.o
    0x08001808   0x0000001c   Code   RO         3488    i.TIM_Cmd           stm32f0xx_tim.o
    0x08001824   0x00000022   Code   RO         3490    i.TIM_CtrlPWMOutputs  stm32f0xx_tim.o
    0x08001846   0x00000002   PAD
    0x08001848   0x00000094   Code   RO         3517    i.TIM_OC1Init       stm32f0xx_tim.o
    0x080018dc   0x000000ac   Code   RO         3522    i.TIM_OC2Init       stm32f0xx_tim.o
    0x08001988   0x00000098   Code   RO         3527    i.TIM_OC3Init       stm32f0xx_tim.o
    0x08001a20   0x00000070   Code   RO         3532    i.TIM_OC4Init       stm32f0xx_tim.o
    0x08001a90   0x00000004   Code   RO         3551    i.TIM_SetCompare1   stm32f0xx_tim.o
    0x08001a94   0x00000004   Code   RO         3552    i.TIM_SetCompare2   stm32f0xx_tim.o
    0x08001a98   0x00000004   Code   RO         3553    i.TIM_SetCompare3   stm32f0xx_tim.o
    0x08001a9c   0x00000004   Code   RO         3554    i.TIM_SetCompare4   stm32f0xx_tim.o
    0x08001aa0   0x0000007c   Code   RO         3561    i.TIM_TimeBaseInit  stm32f0xx_tim.o
    0x08001b1c   0x00000010   Code   RO          667    i.USART1_IRQHandler  uart.o
    0x08001b2c   0x00000010   Code   RO          668    i.USART2_IRQHandler  uart.o
    0x08001b3c   0x00000018   Code   RO         4050    i.USART_Cmd         stm32f0xx_usart.o
    0x08001b54   0x00000014   Code   RO         4058    i.USART_GetFlagStatus  stm32f0xx_usart.o
    0x08001b68   0x0000004e   Code   RO         4059    i.USART_GetITStatus  stm32f0xx_usart.o
    0x08001bb6   0x00000042   Code   RO         4061    i.USART_ITConfig    stm32f0xx_usart.o
    0x08001bf8   0x000000f8   Code   RO         4062    i.USART_Init        stm32f0xx_usart.o
    0x08001cf0   0x0000000a   Code   RO         4074    i.USART_ReceiveData  stm32f0xx_usart.o
    0x08001cfa   0x00000008   Code   RO         4079    i.USART_SendData    stm32f0xx_usart.o
    0x08001d02   0x00000018   Code   RO         4091    i.USART_StructInit  stm32f0xx_usart.o
    0x08001d1a   0x00000002   PAD
    0x08001d1c   0x00000108   Code   RO          671    i.Uart_Configuration  uart.o
    0x08001e24   0x00000048   Code   RO          673    i.Uart_Get          uart.o
    0x08001e6c   0x0000006c   Code   RO          674    i.Uart_Put          uart.o
    0x08001ed8   0x0000007c   Code   RO           14    i.Usart_Init        main.o
    0x08001f54   0x00000020   Code   RO         4661    i.__0printf         mc_p.l(printfa.o)
    0x08001f74   0x0000002e   Code   RO         4743    i.__ARM_clz         mf_p.l(depilogue.o)
    0x08001fa2   0x0000000e   Code   RO         4747    i.__scatterload_copy  mc_p.l(handlers.o)
    0x08001fb0   0x00000002   Code   RO         4748    i.__scatterload_null  mc_p.l(handlers.o)
    0x08001fb2   0x0000000e   Code   RO         4749    i.__scatterload_zeroinit  mc_p.l(handlers.o)
    0x08001fc0   0x00000158   Code   RO         4668    i._fp_digits        mc_p.l(printfa.o)
    0x08002118   0x000006ec   Code   RO         4669    i._printf_core      mc_p.l(printfa.o)
    0x08002804   0x00000020   Code   RO         4670    i._printf_post_padding  mc_p.l(printfa.o)
    0x08002824   0x0000002c   Code   RO         4671    i._printf_pre_padding  mc_p.l(printfa.o)
    0x08002850   0x00000024   Code   RO          610    i._protocol_check_decode_rate  protocol.o
    0x08002874   0x00000032   Code   RO          611    i._protocol_update_decode_rate  protocol.o
    0x080028a6   0x00000002   PAD
    0x080028a8   0x00000078   Code   RO          676    i._uart_irq_function  uart.o
    0x08002920   0x00000030   Code   RO           15    i.app_init          main.o
    0x08002950   0x00000040   Code   RO           16    i.cmd_even          main.o
    0x08002990   0x000001e4   Code   RO           17    i.cmd_handleMsg     main.o
    0x08002b74   0x0000004c   Code   RO           18    i.config_init       main.o
    0x08002bc0   0x00000024   Code   RO           19    i.config_read       main.o
    0x08002be4   0x000000b4   Code   RO           20    i.config_save       main.o
    0x08002c98   0x0000001c   Code   RO          197    i.current_to_adc    main.o
    0x08002cb4   0x0000002a   Code   RO          520    i.fifo_get          fifo.o
    0x08002cde   0x00000018   Code   RO          522    i.fifo_init         fifo.o
    0x08002cf6   0x00000028   Code   RO          524    i.fifo_put          fifo.o
    0x08002d1e   0x00000024   Code   RO          525    i.fifo_put_force    fifo.o
    0x08002d42   0x00000002   PAD
    0x08002d44   0x00000018   Code   RO           21    i.fputc             main.o
    0x08002d5c   0x0000001c   Code   RO          202    i.get_adc_loop      main.o
    0x08002d78   0x00000050   Code   RO           22    i.led_event         main.o
    0x08002dc8   0x0000006c   Code   RO           23    i.led_init          main.o
    0x08002e34   0x0000003c   Code   RO           24    i.main              main.o
    0x08002e70   0x0000026c   Code   RO           25    i.motor_control_even  main.o
    0x080030dc   0x00000090   Code   RO           26    i.motor_control_init  main.o
    0x0800316c   0x0000004c   Code   RO           27    i.motor_control_start  main.o
    0x080031b8   0x0000002c   Code   RO           28    i.motor_control_stop  main.o
    0x080031e4   0x00000074   Code   RO           29    i.motor_control_update_limit  main.o
    0x08003258   0x0000006e   Code   RO          612    i.protocol_decode   protocol.o
    0x080032c6   0x00000020   Code   RO          614    i.protocol_init     protocol.o
    0x080032e6   0x000000e2   Code   RO          615    i.protocol_parse    protocol.o
    0x080033c8   0x00000074   Code   RO           30    i.switch_init       main.o
    0x0800343c   0x00000002   Code   RO           31    i.switch_key_press_handler  main.o
    0x0800343e   0x00000002   PAD
    0x08003440   0x0000001c   Code   RO           32    i.switch_key_release_handler  main.o
    0x0800345c   0x000000b4   Code   RO          494    i.switcher_init     switcher.o
    0x08003510   0x00000076   Code   RO          495    i.switcher_interval_check  switcher.o
    0x08003586   0x00000002   PAD
    0x08003588   0x00000050   Code   RO          348    i.systick_check_timer  systick.o
    0x080035d8   0x00000020   Code   RO          350    i.systick_delay_ms  systick.o
    0x080035f8   0x00000070   Code   RO          352    i.systick_event     systick.o
    0x08003668   0x00000010   Code   RO          353    i.systick_get_ms    systick.o
    0x08003678   0x00000038   Code   RO          354    i.systick_init      systick.o
    0x080036b0   0x00000038   Code   RO          355    i.systick_init_timer  systick.o
    0x080036e8   0x00000020   Data   RO         4745    Region$$Table       anon$$obj.o


    Execution Region ER_RW (Base: 0x20000000, Size: 0x00000054, Max: 0xffffffff, ABSOLUTE)

    Base Addr    Size         Type   Attr      Idx    E Section Name        Object

    0x20000000   0x00000022   Data   RW           34    .data               main.o
    0x20000022   0x00000002   PAD
    0x20000024   0x0000000d   Data   RW          356    .data               systick.o
    0x20000031   0x00000003   PAD
    0x20000034   0x0000000c   Data   RW          677    .data               uart.o
    0x20000040   0x00000010   Data   RW         2638    .data               stm32f0xx_rcc.o
    0x20000050   0x00000004   Data   RW         4717    .data               mc_p.l(stdout.o)


    Execution Region ER_ZI (Base: 0x20000054, Size: 0x0000065c, Max: 0xffffffff, ABSOLUTE)

    Base Addr    Size         Type   Attr      Idx    E Section Name        Object

    0x20000054   0x0000025c   Zero   RW           33    .bss                main.o
    0x200002b0   0x00000400   Zero   RW         4414    STACK               startup_stm32f030.o


==============================================================================

Image component sizes


      Code (inc. data)   RO Data    RW Data    ZI Data      Debug   Object Name

       142          0          0          0          0       2535   fifo.o
      3442        720          0         34        604     259561   main.o
       512          0          0          0          0       3986   protocol.o
        88         38        180          0       1024        620   startup_stm32f030.o
       298          8          0          0          0      14074   stm32f0xx_adc.o
       552         44          0          0          0      32359   stm32f0xx_dma.o
       352         38          0          0          0       9491   stm32f0xx_flash.o
       264          4          0          0          0       8221   stm32f0xx_gpio.o
       148         10          0          0          0       1386   stm32f0xx_misc.o
       768         50          0         16          0      17530   stm32f0xx_rcc.o
       786        146          0          0          0      26962   stm32f0xx_tim.o
       478         22          0          0          0      15264   stm32f0xx_usart.o
       298         16          0          0          0       1850   switcher.o
       340         24          0          0          0       1489   system_stm32f0xx.o
       512         76          0         13          0      24804   systick.o
       596         60          0         12          0       4174   uart.o

    ----------------------------------------------------------------------
      9594       1256        212         80       1628     424306   Object Totals
         0          0         32          0          0          0   (incl. Generated)
        18          0          0          5          0          0   (incl. Padding)

    ----------------------------------------------------------------------

      Code (inc. data)   RO Data    RW Data    ZI Data      Debug   Library Member Name

         0          0          0          0          0          0   entry.o
         0          0          0          0          0          0   entry10a.o
         0          0          0          0          0          0   entry11a.o
         8          4          0          0          0          0   entry2.o
         4          0          0          0          0          0   entry5.o
         0          0          0          0          0          0   entry7b.o
         0          0          0          0          0          0   entry8b.o
         8          4          0          0          0          0   entry9a.o
        30          0          0          0          0          0   handlers.o
        40          0          0          0          0         72   idiv.o
        36          8          0          0          0         68   init.o
         0          0          0          0          0          0   iusefp.o
        32          0          0          0          0         68   llshl.o
        38          0          0          0          0         68   llsshr.o
        34          0          0          0          0         68   llushr.o
      2224         98          0          0          0        412   printfa.o
         0          0          0          4          0          0   stdout.o
        44          0          0          0          0         72   uidiv.o
        96          0          0          0          0         84   uldiv.o
        40          2          0          0          0         68   cdrcmple.o
       356          4          0          0          0        140   dadd.o
       240          6          0          0          0         84   ddiv.o
       236          0          0          0          0        216   depilogue.o
        64         10          0          0          0         68   dfixul.o
       208          6          0          0          0         88   dmul.o
        40          0          0          0          0         60   f2d.o
       124          0          0          0          0         72   fdiv.o
       130          0          0          0          0        144   fepilogue.o
        50          0          0          0          0         60   ffixi.o
        40          0          0          0          0         60   ffixui.o
        22          0          0          0          0         68   fflti.o
        14          0          0          0          0         68   ffltui.o
       122          0          0          0          0         72   fmul.o

    ----------------------------------------------------------------------
      4282        142          0          4          0       2180   Library Totals
         2          0          0          0          0          0   (incl. Padding)

    ----------------------------------------------------------------------

      Code (inc. data)   RO Data    RW Data    ZI Data      Debug   Library Name

      2594        114          0          4          0        912   mc_p.l
      1686         28          0          0          0       1268   mf_p.l

    ----------------------------------------------------------------------
      4282        142          0          4          0       2180   Library Totals

    ----------------------------------------------------------------------

==============================================================================


      Code (inc. data)   RO Data    RW Data    ZI Data      Debug   

     13876       1398        212         84       1628     420690   Grand Totals
     13876       1398        212         84       1628     420690   ELF Image Totals
     13876       1398        212         84          0          0   ROM Totals

==============================================================================

    Total RO  Size (Code + RO Data)                14088 (  13.76kB)
    Total RW  Size (RW Data + ZI Data)              1712 (   1.67kB)
    Total ROM Size (Code + RO Data + RW Data)      14172 (  13.84kB)

==============================================================================

